Component: ARM Compiler 5.06 update 6 (build 750) Tool: armlink [4d35ed]

==============================================================================

Section Cross References

    startup_stm32h743xx.o(STACK) refers (Special) to heapauxi.o(.text) for __use_two_region_memory
    startup_stm32h743xx.o(HEAP) refers (Special) to heapauxi.o(.text) for __use_two_region_memory
    startup_stm32h743xx.o(RESET) refers (Special) to heapauxi.o(.text) for __use_two_region_memory
    startup_stm32h743xx.o(RESET) refers to startup_stm32h743xx.o(STACK) for __initial_sp
    startup_stm32h743xx.o(RESET) refers to startup_stm32h743xx.o(.text) for Reset_Handler
    startup_stm32h743xx.o(RESET) refers to stm32h7xx_it.o(i.NMI_Handler) for NMI_Handler
    startup_stm32h743xx.o(RESET) refers to stm32h7xx_it.o(i.HardFault_Handler) for HardFault_Handler
    startup_stm32h743xx.o(RESET) refers to stm32h7xx_it.o(i.MemManage_Handler) for MemManage_Handler
    startup_stm32h743xx.o(RESET) refers to stm32h7xx_it.o(i.BusFault_Handler) for BusFault_Handler
    startup_stm32h743xx.o(RESET) refers to stm32h7xx_it.o(i.UsageFault_Handler) for UsageFault_Handler
    startup_stm32h743xx.o(RESET) refers to port.o(.emb_text) for SVC_Handler
    startup_stm32h743xx.o(RESET) refers to stm32h7xx_it.o(i.DebugMon_Handler) for DebugMon_Handler
    startup_stm32h743xx.o(RESET) refers to port.o(i.SysTick_Handler) for SysTick_Handler
    startup_stm32h743xx.o(RESET) refers to stm32h7xx_it.o(i.USART1_IRQHandler) for USART1_IRQHandler
    startup_stm32h743xx.o(RESET) refers to stm32h7xx_it.o(i.TIM7_IRQHandler) for TIM7_IRQHandler
    startup_stm32h743xx.o(.text) refers (Special) to heapauxi.o(.text) for __use_two_region_memory
    startup_stm32h743xx.o(.text) refers to system_stm32h7xx.o(i.SystemInit) for SystemInit
    startup_stm32h743xx.o(.text) refers to __main.o(!!!main) for __main
    startup_stm32h743xx.o(.text) refers to startup_stm32h743xx.o(HEAP) for Heap_Mem
    startup_stm32h743xx.o(.text) refers to startup_stm32h743xx.o(STACK) for Stack_Mem
    main.o(i.HAL_TIM_PeriodElapsedCallback) refers to stm32h7xx_hal.o(i.HAL_IncTick) for HAL_IncTick
    main.o(i.SystemClock_Config) refers to rt_memclr_w.o(.text) for __aeabi_memclr4
    main.o(i.SystemClock_Config) refers to stm32h7xx_hal_pwr_ex.o(i.HAL_PWREx_ConfigSupply) for HAL_PWREx_ConfigSupply
    main.o(i.SystemClock_Config) refers to stm32h7xx_hal_rcc.o(i.HAL_RCC_OscConfig) for HAL_RCC_OscConfig
    main.o(i.SystemClock_Config) refers to stm32h7xx_hal_rcc.o(i.HAL_RCC_ClockConfig) for HAL_RCC_ClockConfig
    main.o(i.main) refers to stm32h7xx_hal.o(i.HAL_Init) for HAL_Init
    main.o(i.main) refers to main.o(i.SystemClock_Config) for SystemClock_Config
    main.o(i.main) refers to gpio.o(i.MX_GPIO_Init) for MX_GPIO_Init
    main.o(i.main) refers to usart.o(i.MX_USART1_UART_Init) for MX_USART1_UART_Init
    main.o(i.main) refers to freertos.o(i.MX_FREERTOS_Init) for MX_FREERTOS_Init
    main.o(i.main) refers to cmsis_os.o(i.osKernelStart) for osKernelStart
    gpio.o(i.MX_GPIO_Init) refers to rt_memclr_w.o(.text) for __aeabi_memclr4
    gpio.o(i.MX_GPIO_Init) refers to stm32h7xx_hal_gpio.o(i.HAL_GPIO_WritePin) for HAL_GPIO_WritePin
    gpio.o(i.MX_GPIO_Init) refers to stm32h7xx_hal_gpio.o(i.HAL_GPIO_Init) for HAL_GPIO_Init
    freertos.o(i.MX_FREERTOS_Init) refers to rt_memcpy_w.o(.text) for __aeabi_memcpy4
    freertos.o(i.MX_FREERTOS_Init) refers to cmsis_os.o(i.osThreadCreate) for osThreadCreate
    freertos.o(i.MX_FREERTOS_Init) refers to freertos.o(.constdata) for .constdata
    freertos.o(i.MX_FREERTOS_Init) refers to freertos.o(.data) for .data
    freertos.o(i.StartMainTask) refers to cmsis_os.o(i.osDelay) for osDelay
    freertos.o(i.StartTask02) refers to data_protocol.o(i.usartSend) for usartSend
    freertos.o(i.StartTask02) refers to cmsis_os.o(i.osDelay) for osDelay
    freertos.o(i.StartTask03) refers to cmsis_os.o(i.osDelay) for osDelay
    freertos.o(i.StartTask04) refers to cmsis_os.o(i.osDelay) for osDelay
    freertos.o(i.StartTask05) refers to cmsis_os.o(i.osDelay) for osDelay
    freertos.o(i.StartTask06) refers to cmsis_os.o(i.osDelay) for osDelay
    freertos.o(i.StartTask07) refers to cmsis_os.o(i.osDelay) for osDelay
    freertos.o(i.StartTask08) refers to cmsis_os.o(i.osDelay) for osDelay
    freertos.o(i.StartTask09) refers to cmsis_os.o(i.osDelay) for osDelay
    freertos.o(i.StartTask10) refers to cmsis_os.o(i.osDelay) for osDelay
    freertos.o(i.StartTask11) refers to cmsis_os.o(i.osDelay) for osDelay
    freertos.o(i.StartTask12) refers to cmsis_os.o(i.osDelay) for osDelay
    freertos.o(i.vApplicationGetIdleTaskMemory) refers to freertos.o(.bss) for .bss
    freertos.o(.constdata) refers to freertos.o(.conststring) for .conststring
    freertos.o(.constdata) refers to freertos.o(i.StartMainTask) for StartMainTask
    freertos.o(.constdata) refers to freertos.o(i.StartTask02) for StartTask02
[...]
    i.MX_FREERTOS_Init                       0x080031c0   Section        0  freertos.o(i.MX_FREERTOS_Init)
    i.MX_GPIO_Init                           0x080032dc   Section        0  gpio.o(i.MX_GPIO_Init)
    i.MX_USART1_UART_Init                    0x08003394   Section        0  usart.o(i.MX_USART1_UART_Init)
    i.MemManage_Handler                      0x080033fc   Section        0  stm32h7xx_it.o(i.MemManage_Handler)
    i.MyProtocolPacket                       0x080033fe   Section        0  data_protocol.o(i.MyProtocolPacket)
    i.MyProtocolwriteCoil                    0x0800342a   Section        0  data_protocol.o(i.MyProtocolwriteCoil)
    i.NMI_Handler                            0x0800343c   Section        0  stm32h7xx_it.o(i.NMI_Handler)
    i.RCCEx_PLL2_Config                      0x08003440   Section        0  stm32h7xx_hal_rcc_ex.o(i.RCCEx_PLL2_Config)
    RCCEx_PLL2_Config                        0x08003441   Thumb Code   284  stm32h7xx_hal_rcc_ex.o(i.RCCEx_PLL2_Config)
    i.RCCEx_PLL3_Config                      0x08003560   Section        0  stm32h7xx_hal_rcc_ex.o(i.RCCEx_PLL3_Config)
    RCCEx_PLL3_Config                        0x08003561   Thumb Code   284  stm32h7xx_hal_rcc_ex.o(i.RCCEx_PLL3_Config)
    i.StartMainTask                          0x08003680   Section        0  freertos.o(i.StartMainTask)
    i.StartTask02                            0x08003688   Section        0  freertos.o(i.StartTask02)
    i.StartTask03                            0x08003694   Section        0  freertos.o(i.StartTask03)
    i.StartTask04                            0x0800369c   Section        0  freertos.o(i.StartTask04)
    i.StartTask05                            0x080036a4   Section        0  freertos.o(i.StartTask05)
    i.StartTask06                            0x080036ac   Section        0  freertos.o(i.StartTask06)
    i.StartTask07                            0x080036b4   Section        0  freertos.o(i.StartTask07)
    i.StartTask08                            0x080036bc   Section        0  freertos.o(i.StartTask08)
    i.StartTask09                            0x080036c4   Section        0  freertos.o(i.StartTask09)
    i.StartTask10                            0x080036cc   Section        0  freertos.o(i.StartTask10)
    i.StartTask11                            0x080036d4   Section        0  freertos.o(i.StartTask11)
    i.StartTask12                            0x080036dc   Section        0  freertos.o(i.StartTask12)
    i.SysTick_Handler                        0x080036e4   Section        0  port.o(i.SysTick_Handler)
    i.SystemClock_Config                     0x08003710   Section        0  main.o(i.SystemClock_Config)
    i.SystemInit                             0x080037b8   Section        0  system_stm32h7xx.o(i.SystemInit)
    i.TIM7_IRQHandler                        0x08003894   Section        0  stm32h7xx_it.o(i.TIM7_IRQHandler)
    i.TIM_Base_SetConfig                     0x080038a0   Section        0  stm32h7xx_hal_tim.o(i.TIM_Base_SetConfig)
    i.UARTEx_SetNbDataToProcess              0x08003964   Section        0  stm32h7xx_hal_uart_ex.o(i.UARTEx_SetNbDataToProcess)
    UARTEx_SetNbDataToProcess                0x08003965   Thumb Code    62  stm32h7xx_hal_uart_ex.o(i.UARTEx_SetNbDataToProcess)
    i.UART_AdvFeatureConfig                  0x080039a8   Section        0  stm32h7xx_hal_uart.o(i.UART_AdvFeatureConfig)
    i.UART_CheckIdleState                    0x08003a70   Section        0  stm32h7xx_hal_uart.o(i.UART_CheckIdleState)
    i.UART_DMAAbortOnError                   0x08003ad0   Section        0  stm32h7xx_hal_uart.o(i.UART_DMAAbortOnError)
    UART_DMAAbortOnError                     0x08003ad1   Thumb Code    20  stm32h7xx_hal_uart.o(i.UART_DMAAbortOnError)
    i.UART_EndRxTransfer                     0x08003ae4   Section        0  stm32h7xx_hal_uart.o(i.UART_EndRxTransfer)
    UART_EndRxTransfer                       0x08003ae5   Thumb Code    78  stm32h7xx_hal_uart.o(i.UART_EndRxTransfer)
    i.UART_SetConfig                         0x08003b38   Section        0  stm32h7xx_hal_uart.o(i.UART_SetConfig)
    i.UART_TxISR_16BIT                       0x08003ee4   Section        0  stm32h7xx_hal_uart.o(i.UART_TxISR_16BIT)
    UART_TxISR_16BIT                         0x08003ee5   Thumb Code    82  stm32h7xx_hal_uart.o(i.UART_TxISR_16BIT)
    i.UART_TxISR_16BIT_FIFOEN                0x08003f38   Section        0  stm32h7xx_hal_uart.o(i.UART_TxISR_16BIT_FIFOEN)
    UART_TxISR_16BIT_FIFOEN                  0x08003f39   Thumb Code   106  stm32h7xx_hal_uart.o(i.UART_TxISR_16BIT_FIFOEN)
    i.UART_TxISR_8BIT                        0x08003fa2   Section        0  stm32h7xx_hal_uart.o(i.UART_TxISR_8BIT)
    UART_TxISR_8BIT                          0x08003fa3   Thumb Code    78  stm32h7xx_hal_uart.o(i.UART_TxISR_8BIT)
    i.UART_TxISR_8BIT_FIFOEN                 0x08003ff0   Section        0  stm32h7xx_hal_uart.o(i.UART_TxISR_8BIT_FIFOEN)
    UART_TxISR_8BIT_FIFOEN                   0x08003ff1   Thumb Code   102  stm32h7xx_hal_uart.o(i.UART_TxISR_8BIT_FIFOEN)
    i.UART_WaitOnFlagUntilTimeout            0x08004056   Section        0  stm32h7xx_hal_uart.o(i.UART_WaitOnFlagUntilTimeout)
    i.USART1_IRQHandler                      0x08004120   Section        0  stm32h7xx_it.o(i.USART1_IRQHandler)
    i.UsageFault_Handler                     0x0800412c   Section        0  stm32h7xx_it.o(i.UsageFault_Handler)
    i.__NVIC_SetPriority                     0x0800412e   Section        0  stm32h7xx_hal_cortex.o(i.__NVIC_SetPriority)
    __NVIC_SetPriority                       0x0800412f   Thumb Code    34  stm32h7xx_hal_cortex.o(i.__NVIC_SetPriority)
    i.main                                   0x08004150   Section        0  main.o(i.main)
    i.makeFreeRtosPriority                   0x080041ec   Section        0  cmsis_os.o(i.makeFreeRtosPriority)
    makeFreeRtosPriority                     0x080041ed   Thumb Code    14  cmsis_os.o(i.makeFreeRtosPriority)
    i.osDelay                                0x080041fa   Section        0  cmsis_os.o(i.osDelay)
    i.osKernelStart                          0x08004208   Section        0  cmsis_os.o(i.osKernelStart)
    i.osThreadCreate                         0x08004212   Section        0  cmsis_os.o(i.osThreadCreate)
    i.prvAddCurrentTaskToDelayedList         0x08004268   Section        0  tasks.o(i.prvAddCurrentTaskToDelayedList)
    prvAddCurrentTaskToDelayedList           0x08004269   Thumb Code   102  tasks.o(i.prvAddCurrentTaskToDelayedList)
    i.prvAddNewTaskToReadyList               0x080042d8   Section        0  tasks.o(i.prvAddNewTaskToReadyList)
    prvAddNewTaskToReadyList                 0x080042d9   Thumb Code   194  tasks.o(i.prvAddNewTaskToReadyList)
    i.prvDeleteTCB                           0x080043a8   Section        0  tasks.o(i.prvDeleteTCB)
    prvDeleteTCB                             0x080043a9   Thumb Code    52  tasks.o(i.prvDeleteTCB)
    i.prvHeapInit                            0x080043dc   Section        0  heap_4.o(i.prvHeapInit)
    prvHeapInit                              0x080043dd   Thumb Code    70  heap_4.o(i.prvHeapInit)
    i.prvIdleTask                            0x0800442c   Section        0  tasks.o(i.prvIdleTask)
    prvIdleTask                              0x0800442d   Thumb Code    82  tasks.o(i.prvIdleTask)
    i.prvInitialiseNewTask                   0x0800448c   Section        0  tasks.o(i.prvInitialiseNewTask)
    prvInitialiseNewTask                     0x0800448d   Thumb Code   154  tasks.o(i.prvInitialiseNewTask)
    i.prvInsertBlockIntoFreeList             0x08004528   Section        0  heap_4.o(i.prvInsertBlockIntoFreeList)
    prvInsertBlockIntoFreeList               0x08004529   Thumb Code    72  heap_4.o(i.prvInsertBlockIntoFreeList)
    i.prvResetNextTaskUnblockTime            0x08004574   Section        0  tasks.o(i.prvResetNextTaskUnblockTime)
    prvResetNextTaskUnblockTime              0x08004575   Thumb Code    26  tasks.o(i.prvResetNextTaskUnblockTime)
    i.prvTaskExitError                       0x08004594   Section        0  port.o(i.prvTaskExitError)
    prvTaskExitError                         0x08004595   Thumb Code    36  port.o(i.prvTaskExitError)
    i.pvPortMalloc                           0x080045bc   Section        0  heap_4.o(i.pvPortMalloc)
    i.pxPortInitialiseStack                  0x08004698   Section        0  port.o(i.pxPortInitialiseStack)
    i.sendProtocolFunc                       0x080046c8   Section        0  data_protocol.o(i.sendProtocolFunc)
    i.test                                   0x080046e6   Section        0  data_protocol.o(i.test)
    i.usartSend                              0x08004700   Section        0  data_protocol.o(i.usartSend)
    i.uxListRemove                           0x08004738   Section        0  list.o(i.uxListRemove)
    i.vApplicationGetIdleTaskMemory          0x08004760   Section        0  freertos.o(i.vApplicationGetIdleTaskMemory)
    i.vListInitialise                        0x08004778   Section        0  list.o(i.vListInitialise)
    i.vListInitialiseItem                    0x0800478e   Section        0  list.o(i.vListInitialiseItem)
    i.vListInsert                            0x08004794   Section        0  list.o(i.vListInsert)
    i.vListInsertEnd                         0x080047c4   Section        0  list.o(i.vListInsertEnd)
    i.vPortEnterCritical                     0x080047dc   Section        0  port.o(i.vPortEnterCritical)
    i.vPortExitCritical                      0x0800481c   Section        0  port.o(i.vPortExitCritical)
    i.vPortFree                              0x08004844   Section        0  heap_4.o(i.vPortFree)
    i.vPortSetupTimerInterrupt               0x080048a8   Section        0  port.o(i.vPortSetupTimerInterrupt)
    i.vTaskDelay                             0x080048cc   Section        0  tasks.o(i.vTaskDelay)
    i.vTaskStartScheduler                    0x08004918   Section        0  tasks.o(i.vTaskStartScheduler)
    i.vTaskSuspendAll                        0x08004984   Section        0  tasks.o(i.vTaskSuspendAll)
    i.vTaskSwitchContext                     0x08004994   Section        0  tasks.o(i.vTaskSwitchContext)
    i.xPortStartScheduler                    0x080049f0   Section        0  port.o(i.xPortStartScheduler)
    i.xTaskCreate                            0x08004ae4   Section        0  tasks.o(i.xTaskCreate)
    i.xTaskCreateStatic                      0x08004b3e   Section        0  tasks.o(i.xTaskCreateStatic)
    i.xTaskIncrementTick                     0x08004b94   Section        0  tasks.o(i.xTaskIncrementTick)
    i.xTaskResumeAll                         0x08004c60   Section        0  tasks.o(i.xTaskResumeAll)
    x$fpl$fpinit                             0x08004d24   Section       10  fpinit.o(x$fpl$fpinit)
    $v0                                      0x08004d24   Number         0  fpinit.o(x$fpl$fpinit)
    .constdata                               0x08004d30   Section      336  freertos.o(.constdata)
    .constdata                               0x08004e80   Section       24  stm32h7xx_hal_uart.o(.constdata)
    .constdata                               0x08004e98   Section       16  stm32h7xx_hal_uart_ex.o(.constdata)
    numerator                                0x08004e98   Data           8  stm32h7xx_hal_uart_ex.o(.constdata)
    denominator                              0x08004ea0   Data           8  stm32h7xx_hal_uart_ex.o(.constdata)
    .constdata                               0x08004ea8   Section       16  system_stm32h7xx.o(.constdata)
    .conststring                             0x08004eb8   Section      141  freertos.o(.conststring)
    .data                                    0x24000000   Section       48  freertos.o(.data)
    .data                                    0x24000030   Section       12  stm32h7xx_hal.o(.data)
    .data                                    0x2400003c   Section        8  system_stm32h7xx.o(.data)
    .data                                    0x24000044   Section       60  tasks.o(.data)
    uxDeletedTasksWaitingCleanUp             0x24000048   Data           4  tasks.o(.data)
    uxCurrentNumberOfTasks                   0x2400004c   Data           4  tasks.o(.data)
    xTickCount                               0x24000050   Data           4  tasks.o(.data)
    uxTopReadyPriority                       0x24000054   Data           4  tasks.o(.data)
    xSchedulerRunning                        0x24000058   Data           4  tasks.o(.data)
    xPendedTicks                             0x2400005c   Data           4  tasks.o(.data)
    xYieldPending                            0x24000060   Data           4  tasks.o(.data)
    xNumOfOverflows                          0x24000064   Data           4  tasks.o(.data)
    uxTaskNumber                             0x24000068   Data           4  tasks.o(.data)
    xNextTaskUnblockTime                     0x2400006c   Data           4  tasks.o(.data)
    xIdleTaskHandle                          0x24000070   Data           4  tasks.o(.data)
    uxSchedulerSuspended                     0x24000074   Data           4  tasks.o(.data)
    pxDelayedTaskList                        0x24000078   Data           4  tasks.o(.data)
    pxOverflowDelayedTaskList                0x2400007c   Data           4  tasks.o(.data)
    .data                                    0x24000080   Section       32  heap_4.o(.data)
    pxEnd                                    0x24000080   Data           4  heap_4.o(.data)
    xFreeBytesRemaining                      0x24000084   Data           4  heap_4.o(.data)
    xMinimumEverFreeBytesRemaining           0x24000088   Data           4  heap_4.o(.data)
    xNumberOfSuccessfulAllocations           0x2400008c   Data           4  heap_4.o(.data)
    xNumberOfSuccessfulFrees                 0x24000090   Data           4  heap_4.o(.data)
    xBlockAllocatedBit                       0x24000094   Data           4  heap_4.o(.data)
    xStart                                   0x24000098   Data           8  heap_4.o(.data)
    .data                                    0x240000a0   Section       12  port.o(.data)
    ucMaxSysCallPriority                     0x240000a0   Data           1  port.o(.data)
    uxCriticalNesting                        0x240000a4   Data           4  port.o(.data)
    ulMaxPRIGROUPValue                       0x240000a8   Data           4  port.o(.data)
    .bss                                     0x240000ac   Section      596  freertos.o(.bss)
    xIdleTaskTCBBuffer                       0x240000ac   Data          84  freertos.o(.bss)
    xIdleStack                               0x24000100   Data         512  freertos.o(.bss)
    .bss                                     0x24000300   Section      144  usart.o(.bss)
    .bss                                     0x24000390   Section       76  stm32h7xx_hal_timebase_tim.o(.bss)
    .bss                                     0x240003dc   Section      240  tasks.o(.bss)
    pxReadyTasksLists                        0x240003dc   Data         140  tasks.o(.bss)
    xDelayedTaskList1                        0x24000468   Data          20  tasks.o(.bss)
    xDelayedTaskList2                        0x2400047c   Data          20  tasks.o(.bss)
    xPendingReadyList                        0x24000490   Data          20  tasks.o(.bss)
    xTasksWaitingTermination                 0x240004a4   Data          20  tasks.o(.bss)
    xSuspendedTaskList                       0x240004b8   Data          20  tasks.o(.bss)
    .bss                                     0x240004cc   Section    15360  heap_4.o(.bss)
    ucHeap                                   0x240004cc   Data       15360  heap_4.o(.bss)
    .bss                                     0x240040cc   Section       96  libspace.o(.bss)
    HEAP                                     0x24004130   Section      512  startup_stm32h743xx.o(HEAP)
    Heap_Mem                                 0x24004130   Data         512  startup_stm32h743xx.o(HEAP)
    STACK                                    0x24004330   Section     1024  startup_stm32h743xx.o(STACK)
    Stack_Mem                                0x24004330   Data        1024  startup_stm32h743xx.o(STACK)
    __initial_sp                             0x24004730   Data           0  startup_stm32h743xx.o(STACK)

    Global Symbols

    Symbol Name                              Value     Ov Type        Size  Object(Section)

    BuildAttributes$$THM_ISAv4$E$P$D$K$B$S$7EM$VFPv5_D16$PE$PLD8$A:L22UL41UL21$X:L11$S22US41US21$IEEE1$IW$USESV6$~STKCKD$USESV7$~SHL$OTIME$ROPI$EBA8$UX$STANDARDLIB$REQ8$PRES8$EABIv2 0x00000000   Number         0  anon$$obj.o ABSOLUTE
    __ARM_use_no_argv                        0x00000000   Number         0  main.o ABSOLUTE
    __ARM_exceptions_init                     - Undefined Weak Reference
    __alloca_initialize                       - Undefined Weak Reference
    __arm_preinit_                            - Undefined Weak Reference
    __cpp_initialize__aeabi_                  - Undefined Weak Reference
    __cxa_finalize                            - Undefined Weak Reference
    __rt_locale                               - Undefined Weak Reference
    __sigvec_lookup                           - Undefined Weak Reference
    __user_heap_extent                        - Undefined Weak Reference
    _atexit_init                              - Undefined Weak Reference
    _call_atexit_fns                          - Undefined Weak Reference
    _clock_init                               - Undefined Weak Reference
    _fp_trap_init                             - Undefined Weak Reference
    _fp_trap_shutdown                         - Undefined Weak Reference
    _get_lc_collate                           - Undefined Weak Reference
    _get_lc_ctype                             - Undefined Weak Reference
    _get_lc_monetary                          - Undefined Weak Reference
    _get_lc_numeric                           - Undefined Weak Reference
    _get_lc_time                              - Undefined Weak Reference
    _getenv_init                              - Undefined Weak Reference
    _handle_redirection                       - Undefined Weak Reference
    _initio                                   - Undefined Weak Reference
    _mutex_acquire                            - Undefined Weak Reference
    _mutex_free                               - Undefined Weak Reference
    _mutex_release                            - Undefined Weak Reference
    _rand_init                                - Undefined Weak Reference
    _signal_finish                            - Undefined Weak Reference
    _signal_init                              - Undefined Weak Reference
    _terminateio                              - Undefined Weak Reference
    __Vectors_Size                           0x00000298   Number         0  startup_stm32h743xx.o ABSOLUTE
    __Vectors                                0x08000000   Data           4  startup_stm32h743xx.o(RESET)
    __Vectors_End                            0x08000298   Data           0  startup_stm32h743xx.o(RESET)
    __main                                   0x08000299   Thumb Code     8  __main.o(!!!main)
    __scatterload                            0x080002a1   Thumb Code     0  __scatter.o(!!!scatter)
    __scatterload_rt2                        0x080002a1   Thumb Code    44  __scatter.o(!!!scatter)
    __scatterload_rt2_thumb_only             0x080002a1   Thumb Code     0  __scatter.o(!!!scatter)
    __scatterload_null                       0x080002af   Thumb Code     0  __scatter.o(!!!scatter)
    __scatterload_copy                       0x080002d5   Thumb Code    26  __scatter_copy.o(!!handler_copy)
    __scatterload_zeroinit                   0x080002f1   Thumb Code    28  __scatter_zi.o(!!handler_zi)
    __rt_lib_init                            0x0800030d   Thumb Code     0  libinit.o(.ARM.Collect$$libinit$$00000000)
    __rt_lib_init_fp_1                       0x0800030f   Thumb Code     0  libinit2.o(.ARM.Collect$$libinit$$00000001)
    __rt_lib_init_heap_2                     0x08000313   Thumb Code     0  libinit2.o(.ARM.Collect$$libinit$$00000005)
    __rt_lib_init_preinit_1                  0x08000313   Thumb Code     0  libinit2.o(.ARM.Collect$$libinit$$00000004)
    __rt_lib_init_alloca_1                   0x0800031b   Thumb Code     0  libinit2.o(.ARM.Collect$$libinit$$0000002E)
    __rt_lib_init_argv_1                     0x0800031b   Thumb Code     0  libinit2.o(.ARM.Collect$$libinit$$0000002C)
    __rt_lib_init_atexit_1                   0x0800031b   Thumb Code     0  libinit2.o(.ARM.Collect$$libinit$$0000001B)
    __rt_lib_init_clock_1                    0x0800031b   Thumb Code     0  libinit2.o(.ARM.Collect$$libinit$$00000021)
    __rt_lib_init_cpp_1                      0x0800031b   Thumb Code     0  libinit2.o(.ARM.Collect$$libinit$$00000032)
    __rt_lib_init_exceptions_1               0x0800031b   Thumb Code     0  libinit2.o(.ARM.Collect$$libinit$$00000030)
    __rt_lib_init_fp_trap_1                  0x0800031b   Thumb Code     0  libinit2.o(.ARM.Collect$$libinit$$0000001F)
    __rt_lib_init_getenv_1                   0x0800031b   Thumb Code     0  libinit2.o(.ARM.Collect$$libinit$$00000023)
    __rt_lib_init_heap_1                     0x0800031b   Thumb Code     0  libinit2.o(.ARM.Collect$$libinit$$0000000A)
    __rt_lib_init_lc_collate_1               0x0800031b   Thumb Code     0  libinit2.o(.ARM.Collect$$libinit$$00000011)
    __rt_lib_init_lc_ctype_1                 0x0800031b   Thumb Code     0  libinit2.o(.ARM.Collect$$libinit$$00000013)
    __rt_lib_init_lc_monetary_1              0x0800031b   Thumb Code     0  libinit2.o(.ARM.Collect$$libinit$$00000015)
    __rt_lib_init_lc_numeric_1               0x0800031b   Thumb Code     0  libinit2.o(.ARM.Collect$$libinit$$00000017)
    __rt_lib_init_lc_time_1                  0x0800031b   Thumb Code     0  libinit2.o(.ARM.Collect$$libinit$$00000019)
    __rt_lib_init_rand_1                     0x0800031b   Thumb Code     0  libinit2.o(.ARM.Collect$$libinit$$0000000E)
    __rt_lib_init_return                     0x0800031b   Thumb Code     0  libinit2.o(.ARM.Collect$$libinit$$00000033)
    __rt_lib_init_signal_1                   0x0800031b   Thumb Code     0  libinit2.o(.ARM.Collect$$libinit$$0000001D)
    __rt_lib_init_stdio_1                    0x0800031b   Thumb Code     0  libinit2.o(.ARM.Collect$$libinit$$00000025)
    __rt_lib_init_user_alloc_1               0x0800031b   Thumb Code     0  libinit2.o(.ARM.Collect$$libinit$$0000000C)
    __rt_lib_shutdown                        0x0800031d   Thumb Code     0  libshutdown.o(.ARM.Collect$$libshutdown$$00000000)
    __rt_lib_shutdown_cpp_1                  0x0800031f   Thumb Code     0  libshutdown2.o(.ARM.Collect$$libshutdown$$00000002)
    __rt_lib_shutdown_fp_trap_1              0x0800031f   Thumb Code     0  libshutdown2.o(.ARM.Collect$$libshutdown$$00000007)
    __rt_lib_shutdown_heap_1                 0x0800031f   Thumb Code     0  libshutdown2.o(.ARM.Collect$$libshutdown$$0000000F)
    __rt_lib_shutdown_return                 0x0800031f   Thumb Code     0  libshutdown2.o(.ARM.Collect$$libshutdown$$00000010)
    __rt_lib_shutdown_signal_1               0x0800031f   Thumb Code     0  libshutdown2.o(.ARM.Collect$$libshutdown$$0000000A)
    __rt_lib_shutdown_stdio_1                0x0800031f   Thumb Code     0  libshutdown2.o(.ARM.Collect$$libshutdown$$00000004)
    __rt_lib_shutdown_user_alloc_1           0x0800031f   Thumb Code     0  libshutdown2.o(.ARM.Collect$$libshutdown$$0000000C)
    __rt_entry                               0x08000321   Thumb Code     0  __rtentry.o(.ARM.Collect$$rtentry$$00000000)
    __rt_entry_presh_1                       0x08000321   Thumb Code     0  __rtentry2.o(.ARM.Collect$$rtentry$$00000002)
    __rt_entry_sh                            0x08000321   Thumb Code     0  __rtentry4.o(.ARM.Collect$$rtentry$$00000004)
    __rt_entry_li                            0x08000327   Thumb Code     0  __rtentry2.o(.ARM.Collect$$rtentry$$0000000A)
    __rt_entry_postsh_1                      0x08000327   Thumb Code     0  __rtentry2.o(.ARM.Collect$$rtentry$$00000009)
    __rt_entry_main                          0x0800032b   Thumb Code     0  __rtentry2.o(.ARM.Collect$$rtentry$$0000000D)
    __rt_entry_postli_1                      0x0800032b   Thumb Code     0  __rtentry2.o(.ARM.Collect$$rtentry$$0000000C)
    __rt_exit                                0x08000333   Thumb Code     0  rtexit.o(.ARM.Collect$$rtexit$$00000000)
    __rt_exit_ls                             0x08000335   Thumb Code     0  rtexit2.o(.ARM.Collect$$rtexit$$00000003)
    __rt_exit_prels_1                        0x08000335   Thumb Code     0  rtexit2.o(.ARM.Collect$$rtexit$$00000002)
    __rt_exit_exit                           0x08000339   Thumb Code     0  rtexit2.o(.ARM.Collect$$rtexit$$00000004)
    SVC_Handler                              0x08000341   Thumb Code    28  port.o(.emb_text)
    __asm___6_port_c_39a90d8d__prvStartFirstTask 0x08000361   Thumb Code    36  port.o(.emb_text)
    __asm___6_port_c_39a90d8d__prvEnableVFP  0x08000389   Thumb Code    16  port.o(.emb_text)
    PendSV_Handler                           0x0800039d   Thumb Code    88  port.o(.emb_text)
    vPortGetIPSR                             0x080003f9   Thumb Code     6  port.o(.emb_text)
    Reset_Handler                            0x08000401   Thumb Code     8  startup_stm32h743xx.o(.text)
    _maybe_terminate_alloc                   0x08000401   Thumb Code     0  maybetermalloc1.o(.emb_text)
    ADC3_IRQHandler                          0x0800041b   Thumb Code     0  startup_stm32h743xx.o(.text)
    ADC_IRQHandler                           0x0800041b   Thumb Code     0  startup_stm32h743xx.o(.text)
    BDMA_Channel0_IRQHandler                 0x0800041b   Thumb Code     0  startup_stm32h743xx.o(.text)
    BDMA_Channel1_IRQHandler                 0x0800041b   Thumb Code     0  startup_stm32h743xx.o(.text)
    BDMA_Channel2_IRQHandler                 0x0800041b   Thumb Code     0  startup_stm32h743xx.o(.text)
    BDMA_Channel3_IRQHandler                 0x0800041b   Thumb Code     0  startup_stm32h743xx.o(.text)
    BDMA_Channel4_IRQHandler                 0x0800041b   Thumb Code     0  startup_stm32h743xx.o(.text)
    BDMA_Channel5_IRQHandler                 0x0800041b   Thumb Code     0  startup_stm32h743xx.o(.text)
    BDMA_Channel6_IRQHandler                 0x0800041b   Thumb Code     0  startup_stm32h743xx.o(.text)
    BDMA_Channel7_IRQHandler                 0x0800041b   Thumb Code     0  startup_stm32h743xx.o(.text)
    CEC_IRQHandler                           0x0800041b   Thumb Code     0  startup_stm32h743xx.o(.text)
    COMP1_IRQHandler                         0x0800041b   Thumb Code     0  startup_stm32h743xx.o(.text)
    CRS_IRQHandler                           0x0800041b   Thumb Code     0  startup_stm32h743xx.o(.text)
    DCMI_IRQHandler                          0x0800041b   Thumb Code     0  startup_stm32h743xx.o(.text)
    DFSDM1_FLT0_IRQHandler                   0x0800041b   Thumb Code     0  startup_stm32h743xx.o(.text)
    DFSDM1_FLT1_IRQHandler                   0x0800041b   Thumb Code     0  startup_stm32h743xx.o(.text)
    DFSDM1_FLT2_IRQHandler                   0x0800041b   Thumb Code     0  startup_stm32h743xx.o(.text)
    DFSDM1_FLT3_IRQHandler                   0x0800041b   Thumb Code     0  startup_stm32h743xx.o(.text)
    DMA1_Stream0_IRQHandler                  0x0800041b   Thumb Code     0  startup_stm32h743xx.o(.text)
    DMA1_Stream1_IRQHandler                  0x0800041b   Thumb Code     0  startup_stm32h743xx.o(.text)
    DMA1_Stream2_IRQHandler                  0x0800041b   Thumb Code     0  startup_stm32h743xx.o(.text)
    DMA1_Stream3_IRQHandler                  0x0800041b   Thumb Code     0  startup_stm32h743xx.o(.text)
    DMA1_Stream4_IRQHandler                  0x0800041b   Thumb Code     0  startup_stm32h743xx.o(.text)
    DMA1_Stream5_IRQHandler                  0x0800041b   Thumb Code     0  startup_stm32h743xx.o(.text)
    DMA1_Stream6_IRQHandler                  0x0800041b   Thumb Code     0  startup_stm32h743xx.o(.text)
    DMA1_Stream7_IRQHandler                  0x0800041b   Thumb Code     0  startup_stm32h743xx.o(.text)
    DMA2D_IRQHandler                         0x0800041b   Thumb Code     0  startup_stm32h743xx.o(.text)
    DMA2_Stream0_IRQHandler                  0x0800041b   Thumb Code     0  startup_stm32h743xx.o(.text)
    DMA2_Stream1_IRQHandler                  0x0800041b   Thumb Code     0  startup_stm32h743xx.o(.text)
    DMA2_Stream2_IRQHandler                  0x0800041b   Thumb Code     0  startup_stm32h743xx.o(.text)
    DMA2_Stream3_IRQHandler                  0x0800041b   Thumb Code     0  startup_stm32h743xx.o(.text)
    DMA2_Stream4_IRQHandler                  0x0800041b   Thumb Code     0  startup_stm32h743xx.o(.text)
    DMA2_Stream5_IRQHandler                  0x0800041b   Thumb Code     0  startup_stm32h743xx.o(.text)
    DMA2_Stream6_IRQHandler                  0x0800041b   Thumb Code     0  startup_stm32h743xx.o(.text)
    DMA2_Stream7_IRQHandler                  0x0800041b   Thumb Code     0  startup_stm32h743xx.o(.text)
    DMAMUX1_OVR_IRQHandler                   0x0800041b   Thumb Code     0  startup_stm32h743xx.o(.text)
    DMAMUX2_OVR_IRQHandler                   0x0800041b   Thumb Code     0  startup_stm32h743xx.o(.text)
    ECC_IRQHandler                           0x0800041b   Thumb Code     0  startup_stm32h743xx.o(.text)
    ETH_IRQHandler                           0x0800041b   Thumb Code     0  startup_stm32h743xx.o(.text)
    ETH_WKUP_IRQHandler                      0x0800041b   Thumb Code     0  startup_stm32h743xx.o(.text)
    EXTI0_IRQHandler                         0x0800041b   Thumb Code     0  startup_stm32h743xx.o(.text)
    EXTI15_10_IRQHandler                     0x0800041b   Thumb Code     0  startup_stm32h743xx.o(.text)
    EXTI1_IRQHandler                         0x0800041b   Thumb Code     0  startup_stm32h743xx.o(.text)
    EXTI2_IRQHandler                         0x0800041b   Thumb Code     0  startup_stm32h743xx.o(.text)
    EXTI3_IRQHandler                         0x0800041b   Thumb Code     0  startup_stm32h743xx.o(.text)
    EXTI4_IRQHandler                         0x0800041b   Thumb Code     0  startup_stm32h743xx.o(.text)
    EXTI9_5_IRQHandler                       0x0800041b   Thumb Code     0  startup_stm32h743xx.o(.text)
    FDCAN1_IT0_IRQHandler                    0x0800041b   Thumb Code     0  startup_stm32h743xx.o(.text)
    FDCAN1_IT1_IRQHandler                    0x0800041b   Thumb Code     0  startup_stm32h743xx.o(.text)
    FDCAN2_IT0_IRQHandler                    0x0800041b   Thumb Code     0  startup_stm32h743xx.o(.text)
    FDCAN2_IT1_IRQHandler                    0x0800041b   Thumb Code     0  startup_stm32h743xx.o(.text)
    FDCAN_CAL_IRQHandler                     0x0800041b   Thumb Code     0  startup_stm32h743xx.o(.text)
    FLASH_IRQHandler                         0x0800041b   Thumb Code     0  startup_stm32h743xx.o(.text)
    FMC_IRQHandler                           0x0800041b   Thumb Code     0  startup_stm32h743xx.o(.text)
    FPU_IRQHandler                           0x0800041b   Thumb Code     0  startup_stm32h743xx.o(.text)
    HRTIM1_FLT_IRQHandler                    0x0800041b   Thumb Code     0  startup_stm32h743xx.o(.text)
    HRTIM1_Master_IRQHandler                 0x0800041b   Thumb Code     0  startup_stm32h743xx.o(.text)
    HRTIM1_TIMA_IRQHandler                   0x0800041b   Thumb Code     0  startup_stm32h743xx.o(.text)
    HRTIM1_TIMB_IRQHandler                   0x0800041b   Thumb Code     0  startup_stm32h743xx.o(.text)
    HRTIM1_TIMC_IRQHandler                   0x0800041b   Thumb Code     0  startup_stm32h743xx.o(.text)
    HRTIM1_TIMD_IRQHandler                   0x0800041b   Thumb Code     0  startup_stm32h743xx.o(.text)
    HRTIM1_TIME_IRQHandler                   0x0800041b   Thumb Code     0  startup_stm32h743xx.o(.text)
    HSEM1_IRQHandler                         0x0800041b   Thumb Code     0  startup_stm32h743xx.o(.text)
    I2C1_ER_IRQHandler                       0x0800041b   Thumb Code     0  startup_stm32h743xx.o(.text)
    I2C1_EV_IRQHandler                       0x0800041b   Thumb Code     0  startup_stm32h743xx.o(.text)
    I2C2_ER_IRQHandler                       0x0800041b   Thumb Code     0  startup_stm32h743xx.o(.text)
    I2C2_EV_IRQHandler                       0x0800041b   Thumb Code     0  startup_stm32h743xx.o(.text)
    I2C3_ER_IRQHandler                       0x0800041b   Thumb Code     0  startup_stm32h743xx.o(.text)
    I2C3_EV_IRQHandler                       0x0800041b   Thumb Code     0  startup_stm32h743xx.o(.text)
    I2C4_ER_IRQHandler                       0x0800041b   Thumb Code     0  startup_stm32h743xx.o(.text)
    I2C4_EV_IRQHandler                       0x0800041b   Thumb Code     0  startup_stm32h743xx.o(.text)
    JPEG_IRQHandler                          0x0800041b   Thumb Code     0  startup_stm32h743xx.o(.text)
    LPTIM1_IRQHandler                        0x0800041b   Thumb Code     0  startup_stm32h743xx.o(.text)
    LPTIM2_IRQHandler                        0x0800041b   Thumb Code     0  startup_stm32h743xx.o(.text)
    LPTIM3_IRQHandler                        0x0800041b   Thumb Code     0  startup_stm32h743xx.o(.text)
    LPTIM4_IRQHandler                        0x0800041b   Thumb Code     0  startup_stm32h743xx.o(.text)
    LPTIM5_IRQHandler                        0x0800041b   Thumb Code     0  startup_stm32h743xx.o(.text)
    LPUART1_IRQHandler                       0x0800041b   Thumb Code     0  startup_stm32h743xx.o(.text)
    LTDC_ER_IRQHandler                       0x0800041b   Thumb Code     0  startup_stm32h743xx.o(.text)
    LTDC_IRQHandler                          0x0800041b   Thumb Code     0  startup_stm32h743xx.o(.text)
    MDIOS_IRQHandler                         0x0800041b   Thumb Code     0  startup_stm32h743xx.o(.text)
    MDIOS_WKUP_IRQHandler                    0x0800041b   Thumb Code     0  startup_stm32h743xx.o(.text)
    MDMA_IRQHandler                          0x0800041b   Thumb Code     0  startup_stm32h743xx.o(.text)
    OTG_FS_EP1_IN_IRQHandler                 0x0800041b   Thumb Code     0  startup_stm32h743xx.o(.text)
    OTG_FS_EP1_OUT_IRQHandler                0x0800041b   Thumb Code     0  startup_stm32h743xx.o(.text)
    OTG_FS_IRQHandler                        0x0800041b   Thumb Code     0  startup_stm32h743xx.o(.text)
    OTG_FS_WKUP_IRQHandler                   0x0800041b   Thumb Code     0  startup_stm32h743xx.o(.text)
    OTG_HS_EP1_IN_IRQHandler                 0x0800041b   Thumb Code     0  startup_stm32h743xx.o(.text)
    OTG_HS_EP1_OUT_IRQHandler                0x0800041b   Thumb Code     0  startup_stm32h743xx.o(.text)
    OTG_HS_IRQHandler                        0x0800041b   Thumb Code     0  startup_stm32h743xx.o(.text)
    OTG_HS_WKUP_IRQHandler                   0x0800041b   Thumb Code     0  startup_stm32h743xx.o(.text)
    PVD_AVD_IRQHandler                       0x0800041b   Thumb Code     0  startup_stm32h743xx.o(.text)
    QUADSPI_IRQHandler                       0x0800041b   Thumb Code     0  startup_stm32h743xx.o(.text)
    RCC_IRQHandler                           0x0800041b   Thumb Code     0  startup_stm32h743xx.o(.text)
    RNG_IRQHandler                           0x0800041b   Thumb Code     0  startup_stm32h743xx.o(.text)
    RTC_Alarm_IRQHandler                     0x0800041b   Thumb Code     0  startup_stm32h743xx.o(.text)
    RTC_WKUP_IRQHandler                      0x0800041b   Thumb Code     0  startup_stm32h743xx.o(.text)
    SAI1_IRQHandler                          0x0800041b   Thumb Code     0  startup_stm32h743xx.o(.text)
    SAI2_IRQHandler                          0x0800041b   Thumb Code     0  startup_stm32h743xx.o(.text)
    SAI3_IRQHandler                          0x0800041b   Thumb Code     0  startup_stm32h743xx.o(.text)
    SAI4_IRQHandler                          0x0800041b   Thumb Code     0  startup_stm32h743xx.o(.text)
    SDMMC1_IRQHandler                        0x0800041b   Thumb Code     0  startup_stm32h743xx.o(.text)
    SDMMC2_IRQHandler                        0x0800041b   Thumb Code     0  startup_stm32h743xx.o(.text)
    SPDIF_RX_IRQHandler                      0x0800041b   Thumb Code     0  startup_stm32h743xx.o(.text)
    SPI1_IRQHandler                          0x0800041b   Thumb Code     0  startup_stm32h743xx.o(.text)
    SPI2_IRQHandler                          0x0800041b   Thumb Code     0  startup_stm32h743xx.o(.text)
    SPI3_IRQHandler                          0x0800041b   Thumb Code     0  startup_stm32h743xx.o(.text)
    SPI4_IRQHandler                          0x0800041b   Thumb Code     0  startup_stm32h743xx.o(.text)
    SPI5_IRQHandler                          0x0800041b   Thumb Code     0  startup_stm32h743xx.o(.text)
    SPI6_IRQHandler                          0x0800041b   Thumb Code     0  startup_stm32h743xx.o(.text)
    SWPMI1_IRQHandler                        0x0800041b   Thumb Code     0  startup_stm32h743xx.o(.text)
    TAMP_STAMP_IRQHandler                    0x0800041b   Thumb Code     0  startup_stm32h743xx.o(.text)
    TIM15_IRQHandler                         0x0800041b   Thumb Code     0  startup_stm32h743xx.o(.text)
    TIM16_IRQHandler                         0x0800041b   Thumb Code     0  startup_stm32h743xx.o(.text)
    TIM17_IRQHandler                         0x0800041b   Thumb Code     0  startup_stm32h743xx.o(.text)
    TIM1_BRK_IRQHandler                      0x0800041b   Thumb Code     0  startup_stm32h743xx.o(.text)
    TIM1_CC_IRQHandler                       0x0800041b   Thumb Code     0  startup_stm32h743xx.o(.text)
    TIM1_TRG_COM_IRQHandler                  0x0800041b   Thumb Code     0  startup_stm32h743xx.o(.text)
    TIM1_UP_IRQHandler                       0x0800041b   Thumb Code     0  startup_stm32h743xx.o(.text)
    TIM2_IRQHandler                          0x0800041b   Thumb Code     0  startup_stm32h743xx.o(.text)
    TIM3_IRQHandler                          0x0800041b   Thumb Code     0  startup_stm32h743xx.o(.text)
    TIM4_IRQHandler                          0x0800041b   Thumb Code     0  startup_stm32h743xx.o(.text)
    TIM5_IRQHandler                          0x0800041b   Thumb Code     0  startup_stm32h743xx.o(.text)
    TIM6_DAC_IRQHandler                      0x0800041b   Thumb Code     0  startup_stm32h743xx.o(.text)
    TIM8_BRK_TIM12_IRQHandler                0x0800041b   Thumb Code     0  startup_stm32h743xx.o(.text)
    TIM8_CC_IRQHandler                       0x0800041b   Thumb Code     0  startup_stm32h743xx.o(.text)
    TIM8_TRG_COM_TIM14_IRQHandler            0x0800041b   Thumb Code     0  startup_stm32h743xx.o(.text)
    TIM8_UP_TIM13_IRQHandler                 0x0800041b   Thumb Code     0  startup_stm32h743xx.o(.text)
    UART4_IRQHandler                         0x0800041b   Thumb Code     0  startup_stm32h743xx.o(.text)
    UART5_IRQHandler                         0x0800041b   Thumb Code     0  startup_stm32h743xx.o(.text)
    UART7_IRQHandler                         0x0800041b   Thumb Code     0  startup_stm32h743xx.o(.text)
    UART8_IRQHandler                         0x0800041b   Thumb Code     0  startup_stm32h743xx.o(.text)
    USART2_IRQHandler                        0x0800041b   Thumb Code     0  startup_stm32h743xx.o(.text)
    USART3_IRQHandler                        0x0800041b   Thumb Code     0  startup_stm32h743xx.o(.text)
    USART6_IRQHandler                        0x0800041b   Thumb Code     0  startup_stm32h743xx.o(.text)
    WAKEUP_PIN_IRQHandler                    0x0800041b   Thumb Code     0  startup_stm32h743xx.o(.text)
    WWDG_IRQHandler                          0x0800041b   Thumb Code     0  startup_stm32h743xx.o(.text)
    __user_initial_stackheap                 0x0800041d   Thumb Code     0  startup_stm32h743xx.o(.text)
    malloc                                   0x08000441   Thumb Code    94  h1_alloc.o(.text)
    __aeabi_uldivmod                         0x0800049f   Thumb Code     0  lludivv7m.o(.text)
    _ll_udiv                                 0x0800049f   Thumb Code   238  lludivv7m.o(.text)
    __aeabi_memcpy                           0x0800058d   Thumb Code     0  rt_memcpy_v6.o(.text)
    __rt_memcpy                              0x0800058d   Thumb Code   138  rt_memcpy_v6.o(.text)
    _memcpy_lastbytes                        0x080005f3   Thumb Code     0  rt_memcpy_v6.o(.text)
    __aeabi_memcpy4                          0x08000617   Thumb Code     0  rt_memcpy_w.o(.text)
    __aeabi_memcpy8                          0x08000617   Thumb Code     0  rt_memcpy_w.o(.text)
    __rt_memcpy_w                            0x08000617   Thumb Code   100  rt_memcpy_w.o(.text)
    _memcpy_lastbytes_aligned                0x0800065f   Thumb Code     0  rt_memcpy_w.o(.text)
    __aeabi_memclr4                          0x0800067b   Thumb Code     0  rt_memclr_w.o(.text)
    __aeabi_memclr8                          0x0800067b   Thumb Code     0  rt_memclr_w.o(.text)
    __rt_memclr_w                            0x0800067b   Thumb Code    78  rt_memclr_w.o(.text)
    _memset_w                                0x0800067f   Thumb Code     0  rt_memclr_w.o(.text)
    __use_two_region_memory                  0x080006c9   Thumb Code     2  heapauxi.o(.text)
    __rt_heap_escrow                         0x080006cb   Thumb Code     2  heapauxi.o(.text)
    __rt_heap_expand                         0x080006cd   Thumb Code     2  heapauxi.o(.text)
    __rt_heap_descriptor                     0x080006d1   Thumb Code     8  rt_heap_descriptor_intlibspace.o(.text)
    __use_no_heap                            0x080006d9   Thumb Code     2  hguard.o(.text)
    __heap$guard                             0x080006db   Thumb Code     2  hguard.o(.text)
    _terminate_user_alloc                    0x080006dd   Thumb Code     2  init_alloc.o(.text)
    _init_user_alloc                         0x080006df   Thumb Code     2  init_alloc.o(.text)
    __Heap_Full                              0x080006e1   Thumb Code    34  init_alloc.o(.text)
    __Heap_Broken                            0x08000703   Thumb Code     6  init_alloc.o(.text)
    _init_alloc                              0x08000709   Thumb Code    94  init_alloc.o(.text)
    __Heap_Initialize                        0x08000767   Thumb Code    10  h1_init.o(.text)
    __Heap_DescSize                          0x08000771   Thumb Code     4  h1_init.o(.text)
    free                                     0x08000775   Thumb Code    78  h1_free.o(.text)
    __user_libspace                          0x080007c5   Thumb Code     8  libspace.o(.text)
    __user_perproc_libspace                  0x080007c5   Thumb Code     0  libspace.o(.text)
    __user_perthread_libspace                0x080007c5   Thumb Code     0  libspace.o(.text)
    __Heap_ProvideMemory                     0x080007cd   Thumb Code    52  h1_extend.o(.text)
    __rt_SIGRTMEM                            0x08000801   Thumb Code    14  defsig_rtmem_outer.o(.text)
    __I$use$semihosting                      0x0800080f   Thumb Code     0  use_no_semi.o(.text)
    __use_no_semihosting_swi                 0x0800080f   Thumb Code     2  use_no_semi.o(.text)
    __semihosting_library_function           0x08000811   Thumb Code     0  indicate_semi.o(.text)
    __user_setup_stackheap                   0x08000811   Thumb Code    74  sys_stackheap_outer.o(.text)
    exit                                     0x0800085b   Thumb Code    18  exit.o(.text)
    __sig_exit                               0x0800086d   Thumb Code    10  defsig_exit.o(.text)
    __rt_SIGRTMEM_inner                      0x08000879   Thumb Code    22  defsig_rtmem_inner.o(.text)
    _sys_exit                                0x080008c9   Thumb Code     8  sys_exit.o(.text)
    __default_signal_display                 0x080008d5   Thumb Code    50  defsig_general.o(.text)
    _ttywrch                                 0x08000907   Thumb Code    14  sys_wrch.o(.text)
    BusFault_Handler                         0x08000915   Thumb Code     2  stm32h7xx_it.o(i.BusFault_Handler)
    CRC16_MODBUS                             0x08000919   Thumb Code   110  data_protocol.o(i.CRC16_MODBUS)
    DebugMon_Handler                         0x08000987   Thumb Code     2  stm32h7xx_it.o(i.DebugMon_Handler)
    Error_Handler                            0x08000989   Thumb Code     4  main.o(i.Error_Handler)
    HAL_DMA_Abort                            0x0800098d   Thumb Code   836  stm32h7xx_hal_dma.o(i.HAL_DMA_Abort)
    HAL_DMA_Abort_IT                         0x08000ced   Thumb Code   602  stm32h7xx_hal_dma.o(i.HAL_DMA_Abort_IT)
    HAL_GPIO_Init                            0x08000f71   Thumb Code   506  stm32h7xx_hal_gpio.o(i.HAL_GPIO_Init)
    HAL_GPIO_WritePin                        0x0800119d   Thumb Code    10  stm32h7xx_hal_gpio.o(i.HAL_GPIO_WritePin)
    HAL_GetREVID                             0x080011a9   Thumb Code     8  stm32h7xx_hal.o(i.HAL_GetREVID)
    HAL_GetTick                              0x080011b5   Thumb Code     6  stm32h7xx_hal.o(i.HAL_GetTick)
    HAL_IncTick                              0x080011c1   Thumb Code    12  stm32h7xx_hal.o(i.HAL_IncTick)
    HAL_Init                                 0x080011d1   Thumb Code    74  stm32h7xx_hal.o(i.HAL_Init)
    HAL_InitTick                             0x0800122d   Thumb Code   120  stm32h7xx_hal_timebase_tim.o(i.HAL_InitTick)
    HAL_MspInit                              0x080012b9   Thumb Code    32  stm32h7xx_hal_msp.o(i.HAL_MspInit)
    HAL_NVIC_EnableIRQ                       0x080012dd   Thumb Code    26  stm32h7xx_hal_cortex.o(i.HAL_NVIC_EnableIRQ)
    HAL_NVIC_SetPriority                     0x080012f9   Thumb Code    60  stm32h7xx_hal_cortex.o(i.HAL_NVIC_SetPriority)
    HAL_NVIC_SetPriorityGrouping             0x08001339   Thumb Code    28  stm32h7xx_hal_cortex.o(i.HAL_NVIC_SetPriorityGrouping)
    HAL_PWREx_ConfigSupply                   0x0800135d   Thumb Code    78  stm32h7xx_hal_pwr_ex.o(i.HAL_PWREx_ConfigSupply)
    HAL_RCCEx_GetD3PCLK1Freq                 0x080013b1   Thumb Code    26  stm32h7xx_hal_rcc_ex.o(i.HAL_RCCEx_GetD3PCLK1Freq)
    HAL_RCCEx_GetPLL2ClockFreq               0x080013d5   Thumb Code   296  stm32h7xx_hal_rcc_ex.o(i.HAL_RCCEx_GetPLL2ClockFreq)
    HAL_RCCEx_GetPLL3ClockFreq               0x08001519   Thumb Code   296  stm32h7xx_hal_rcc_ex.o(i.HAL_RCCEx_GetPLL3ClockFreq)
    HAL_RCCEx_PeriphCLKConfig                0x0800165d   Thumb Code  2258  stm32h7xx_hal_rcc_ex.o(i.HAL_RCCEx_PeriphCLKConfig)
    HAL_RCC_ClockConfig                      0x08001f31   Thumb Code   580  stm32h7xx_hal_rcc.o(i.HAL_RCC_ClockConfig)
    HAL_RCC_GetClockConfig                   0x0800218d   Thumb Code    84  stm32h7xx_hal_rcc.o(i.HAL_RCC_GetClockConfig)
    HAL_RCC_GetHCLKFreq                      0x080021e9   Thumb Code    52  stm32h7xx_hal_rcc.o(i.HAL_RCC_GetHCLKFreq)
    HAL_RCC_GetPCLK1Freq                     0x0800222d   Thumb Code    26  stm32h7xx_hal_rcc.o(i.HAL_RCC_GetPCLK1Freq)
    HAL_RCC_GetPCLK2Freq                     0x08002251   Thumb Code    26  stm32h7xx_hal_rcc.o(i.HAL_RCC_GetPCLK2Freq)
    HAL_RCC_GetSysClockFreq                  0x08002275   Thumb Code   278  stm32h7xx_hal_rcc.o(i.HAL_RCC_GetSysClockFreq)
    HAL_RCC_OscConfig                        0x080023ad   Thumb Code  1322  stm32h7xx_hal_rcc.o(i.HAL_RCC_OscConfig)
    HAL_TIMEx_Break2Callback                 0x080028dd   Thumb Code     2  stm32h7xx_hal_tim_ex.o(i.HAL_TIMEx_Break2Callback)
    HAL_TIMEx_BreakCallback                  0x080028df   Thumb Code     2  stm32h7xx_hal_tim_ex.o(i.HAL_TIMEx_BreakCallback)
    HAL_TIMEx_CommutCallback                 0x080028e1   Thumb Code     2  stm32h7xx_hal_tim_ex.o(i.HAL_TIMEx_CommutCallback)
    HAL_TIM_Base_Init                        0x080028e3   Thumb Code    98  stm32h7xx_hal_tim.o(i.HAL_TIM_Base_Init)
    HAL_TIM_Base_MspInit                     0x08002945   Thumb Code     2  stm32h7xx_hal_tim.o(i.HAL_TIM_Base_MspInit)
    HAL_TIM_Base_Start_IT                    0x08002949   Thumb Code   106  stm32h7xx_hal_tim.o(i.HAL_TIM_Base_Start_IT)
    HAL_TIM_IC_CaptureCallback               0x080029d5   Thumb Code     2  stm32h7xx_hal_tim.o(i.HAL_TIM_IC_CaptureCallback)
    HAL_TIM_IRQHandler                       0x080029d7   Thumb Code   386  stm32h7xx_hal_tim.o(i.HAL_TIM_IRQHandler)
    HAL_TIM_OC_DelayElapsedCallback          0x08002b59   Thumb Code     2  stm32h7xx_hal_tim.o(i.HAL_TIM_OC_DelayElapsedCallback)
    HAL_TIM_PWM_PulseFinishedCallback        0x08002b5b   Thumb Code     2  stm32h7xx_hal_tim.o(i.HAL_TIM_PWM_PulseFinishedCallback)
    HAL_TIM_PeriodElapsedCallback            0x08002b5d   Thumb Code    14  main.o(i.HAL_TIM_PeriodElapsedCallback)
    HAL_TIM_TriggerCallback                  0x08002b71   Thumb Code     2  stm32h7xx_hal_tim.o(i.HAL_TIM_TriggerCallback)
    HAL_UARTEx_DisableFifoMode               0x08002b73   Thumb Code    64  stm32h7xx_hal_uart_ex.o(i.HAL_UARTEx_DisableFifoMode)
    HAL_UARTEx_RxEventCallback               0x08002bb3   Thumb Code     2  stm32h7xx_hal_uart.o(i.HAL_UARTEx_RxEventCallback)
    HAL_UARTEx_RxFifoFullCallback            0x08002bb5   Thumb Code     2  stm32h7xx_hal_uart_ex.o(i.HAL_UARTEx_RxFifoFullCallback)
    HAL_UARTEx_SetRxFifoThreshold            0x08002bb7   Thumb Code    76  stm32h7xx_hal_uart_ex.o(i.HAL_UARTEx_SetRxFifoThreshold)
    HAL_UARTEx_SetTxFifoThreshold            0x08002c03   Thumb Code    76  stm32h7xx_hal_uart_ex.o(i.HAL_UARTEx_SetTxFifoThreshold)
    HAL_UARTEx_TxFifoEmptyCallback           0x08002c4f   Thumb Code     2  stm32h7xx_hal_uart_ex.o(i.HAL_UARTEx_TxFifoEmptyCallback)
    HAL_UARTEx_WakeupCallback                0x08002c51   Thumb Code     2  stm32h7xx_hal_uart_ex.o(i.HAL_UARTEx_WakeupCallback)
    HAL_UART_ErrorCallback                   0x08002c53   Thumb Code     2  stm32h7xx_hal_uart.o(i.HAL_UART_ErrorCallback)
    HAL_UART_IRQHandler                      0x08002c55   Thumb Code   838  stm32h7xx_hal_uart.o(i.HAL_UART_IRQHandler)
    HAL_UART_Init                            0x08002fb5   Thumb Code   106  stm32h7xx_hal_uart.o(i.HAL_UART_Init)
    HAL_UART_MspInit                         0x08003021   Thumb Code   138  usart.o(i.HAL_UART_MspInit)
    HAL_UART_Transmit_IT                     0x080030b9   Thumb Code   156  stm32h7xx_hal_uart.o(i.HAL_UART_Transmit_IT)
    HAL_UART_TxCpltCallback                  0x08003165   Thumb Code     2  stm32h7xx_hal_uart.o(i.HAL_UART_TxCpltCallback)
    HardFault_Handler                        0x08003167   Thumb Code     2  stm32h7xx_it.o(i.HardFault_Handler)
    InvertUint16                             0x08003169   Thumb Code    42  data_protocol.o(i.InvertUint16)
    InvertUint8                              0x08003195   Thumb Code    42  data_protocol.o(i.InvertUint8)
    MX_FREERTOS_Init                         0x080031c1   Thumb Code   270  freertos.o(i.MX_FREERTOS_Init)
    MX_GPIO_Init                             0x080032dd   Thumb Code   164  gpio.o(i.MX_GPIO_Init)
    MX_USART1_UART_Init                      0x08003395   Thumb Code    94  usart.o(i.MX_USART1_UART_Init)
    MemManage_Handler                        0x080033fd   Thumb Code     2  stm32h7xx_it.o(i.MemManage_Handler)
    MyProtocolPacket                         0x080033ff   Thumb Code    44  data_protocol.o(i.MyProtocolPacket)
    MyProtocolwriteCoil                      0x0800342b   Thumb Code    18  data_protocol.o(i.MyProtocolwriteCoil)
    NMI_Handler                              0x0800343d   Thumb Code     2  stm32h7xx_it.o(i.NMI_Handler)
    StartMainTask                            0x08003681   Thumb Code     8  freertos.o(i.StartMainTask)
    StartTask02                              0x08003689   Thumb Code    12  freertos.o(i.StartTask02)
    StartTask03                              0x08003695   Thumb Code     8  freertos.o(i.StartTask03)
    StartTask04                              0x0800369d   Thumb Code     8  freertos.o(i.StartTask04)
    StartTask05                              0x080036a5   Thumb Code     8  freertos.o(i.StartTask05)
    StartTask06                              0x080036ad   Thumb Code     8  freertos.o(i.StartTask06)
    StartTask07                              0x080036b5   Thumb Code     8  freertos.o(i.StartTask07)
    StartTask08                              0x080036bd   Thumb Code     8  freertos.o(i.StartTask08)
    StartTask09                              0x080036c5   Thumb Code     8  freertos.o(i.StartTask09)
    StartTask10                              0x080036cd   Thumb Code     8  freertos.o(i.StartTask10)
    StartTask11                              0x080036d5   Thumb Code     8  freertos.o(i.StartTask11)
    StartTask12                              0x080036dd   Thumb Code     8  freertos.o(i.StartTask12)
    SysTick_Handler                          0x080036e5   Thumb Code    38  port.o(i.SysTick_Handler)
    SystemClock_Config                       0x08003711   Thumb Code   158  main.o(i.SystemClock_Config)
    SystemInit                               0x080037b9   Thumb Code   180  system_stm32h7xx.o(i.SystemInit)
    TIM7_IRQHandler                          0x08003895   Thumb Code     6  stm32h7xx_it.o(i.TIM7_IRQHandler)
    TIM_Base_SetConfig                       0x080038a1   Thumb Code   162  stm32h7xx_hal_tim.o(i.TIM_Base_SetConfig)
    UART_AdvFeatureConfig                    0x080039a9   Thumb Code   200  stm32h7xx_hal_uart.o(i.UART_AdvFeatureConfig)
    UART_CheckIdleState                      0x08003a71   Thumb Code    96  stm32h7xx_hal_uart.o(i.UART_CheckIdleState)
    UART_SetConfig                           0x08003b39   Thumb Code   876  stm32h7xx_hal_uart.o(i.UART_SetConfig)
    UART_WaitOnFlagUntilTimeout              0x08004057   Thumb Code   202  stm32h7xx_hal_uart.o(i.UART_WaitOnFlagUntilTimeout)
    USART1_IRQHandler                        0x08004121   Thumb Code     6  stm32h7xx_it.o(i.USART1_IRQHandler)
    UsageFault_Handler                       0x0800412d   Thumb Code     2  stm32h7xx_it.o(i.UsageFault_Handler)
    main                                     0x08004151   Thumb Code   148  main.o(i.main)
    osDelay                                  0x080041fb   Thumb Code    14  cmsis_os.o(i.osDelay)
    osKernelStart                            0x08004209   Thumb Code    10  cmsis_os.o(i.osKernelStart)
    osThreadCreate                           0x08004213   Thumb Code    84  cmsis_os.o(i.osThreadCreate)
    pvPortMalloc                             0x080045bd   Thumb Code   216  heap_4.o(i.pvPortMalloc)
    pxPortInitialiseStack                    0x08004699   Thumb Code    42  port.o(i.pxPortInitialiseStack)
    sendProtocolFunc                         0x080046c9   Thumb Code    30  data_protocol.o(i.sendProtocolFunc)
    test                                     0x080046e7   Thumb Code    26  data_protocol.o(i.test)
    usartSend                                0x08004701   Thumb Code    50  data_protocol.o(i.usartSend)
    uxListRemove                             0x08004739   Thumb Code    38  list.o(i.uxListRemove)
    vApplicationGetIdleTaskMemory            0x08004761   Thumb Code    18  freertos.o(i.vApplicationGetIdleTaskMemory)
    vListInitialise                          0x08004779   Thumb Code    22  list.o(i.vListInitialise)
    vListInitialiseItem                      0x0800478f   Thumb Code     6  list.o(i.vListInitialiseItem)
    vListInsert                              0x08004795   Thumb Code    48  list.o(i.vListInsert)
    vListInsertEnd                           0x080047c5   Thumb Code    24  list.o(i.vListInsertEnd)
    vPortEnterCritical                       0x080047dd   Thumb Code    54  port.o(i.vPortEnterCritical)
    vPortExitCritical                        0x0800481d   Thumb Code    34  port.o(i.vPortExitCritical)
    vPortFree                                0x08004845   Thumb Code    94  heap_4.o(i.vPortFree)
    vPortSetupTimerInterrupt                 0x080048a9   Thumb Code    32  port.o(i.vPortSetupTimerInterrupt)
    vTaskDelay                               0x080048cd   Thumb Code    66  tasks.o(i.vTaskDelay)
    vTaskStartScheduler                      0x08004919   Thumb Code    90  tasks.o(i.vTaskStartScheduler)
    vTaskSuspendAll                          0x08004985   Thumb Code    10  tasks.o(i.vTaskSuspendAll)
    vTaskSwitchContext                       0x08004995   Thumb Code    82  tasks.o(i.vTaskSwitchContext)
    xPortStartScheduler                      0x080049f1   Thumb Code   222  port.o(i.xPortStartScheduler)
    xTaskCreate                              0x08004ae5   Thumb Code    90  tasks.o(i.xTaskCreate)
    xTaskCreateStatic                        0x08004b3f   Thumb Code    86  tasks.o(i.xTaskCreateStatic)
    xTaskIncrementTick                       0x08004b95   Thumb Code   194  tasks.o(i.xTaskIncrementTick)
    xTaskResumeAll                           0x08004c61   Thumb Code   184  tasks.o(i.xTaskResumeAll)
    _fp_init                                 0x08004d25   Thumb Code    10  fpinit.o(x$fpl$fpinit)
    __fplib_config_fpu_vfp                   0x08004d2d   Thumb Code     0  fpinit.o(x$fpl$fpinit)
    __fplib_config_pureend_doubles           0x08004d2d   Thumb Code     0  fpinit.o(x$fpl$fpinit)
    UARTPrescTable                           0x08004e80   Data          24  stm32h7xx_hal_uart.o(.constdata)
    D1CorePrescTable                         0x08004ea8   Data          16  system_stm32h7xx.o(.constdata)
    Region$$Table$$Base                      0x08004f48   Number         0  anon$$obj.o(Region$$Table)
    Region$$Table$$Limit                     0x08004f68   Number         0  anon$$obj.o(Region$$Table)
    MainTaskHandle                           0x24000000   Data           4  freertos.o(.data)
    myTask02Handle                           0x24000004   Data           4  freertos.o(.data)
    myTask03Handle                           0x24000008   Data           4  freertos.o(.data)
    myTask04Handle                           0x2400000c   Data           4  freertos.o(.data)
    myTask05Handle                           0x24000010   Data           4  freertos.o(.data)
    myTask06Handle                           0x24000014   Data           4  freertos.o(.data)
    myTask07Handle                           0x24000018   Data           4  freertos.o(.data)
    myTask08Handle                           0x2400001c   Data           4  freertos.o(.data)
    myTask09Handle                           0x24000020   Data           4  freertos.o(.data)
    myTask10Handle                           0x24000024   Data           4  freertos.o(.data)
    myTask11Handle                           0x24000028   Data           4  freertos.o(.data)
    myTask12Handle                           0x2400002c   Data           4  freertos.o(.data)
    uwTickFreq                               0x24000030   Data           1  stm32h7xx_hal.o(.data)
    uwTickPrio                               0x24000034   Data           4  stm32h7xx_hal.o(.data)
    uwTick                                   0x24000038   Data           4  stm32h7xx_hal.o(.data)
    SystemCoreClock                          0x2400003c   Data           4  system_stm32h7xx.o(.data)
    SystemD2Clock                            0x24000040   Data           4  system_stm32h7xx.o(.data)
    pxCurrentTCB                             0x24000044   Data           4  tasks.o(.data)
    huart1                                   0x24000300   Data         144  usart.o(.bss)
    htim7                                    0x24000390   Data          76  stm32h7xx_hal_timebase_tim.o(.bss)
    __libspace_start                         0x240040cc   Data          96  libspace.o(.bss)
    __temporary_stack_top$libspace           0x2400412c   Data           0  libspace.o(.bss)



==============================================================================

Memory Map of the image

  Image Entry point : 0x08000299

  Load Region LR_IROM1 (Base: 0x08000000, Size: 0x00005014, Max: 0x00200000, ABSOLUTE)

    Execution Region ER_IROM1 (Exec base: 0x08000000, Load base: 0x08000000, Size: 0x00004f68, Max: 0x00200000, ABSOLUTE)

    Exec Addr    Load Addr    Size         Type   Attr      Idx    E Section Name        Object

    0x08000000   0x08000000   0x00000298   Data   RO            3    RESET               startup_stm32h743xx.o
    0x08000298   0x08000298   0x00000008   Code   RO         5936  * !!!main             c_w.l(__main.o)
    0x080002a0   0x080002a0   0x00000034   Code   RO         6155    !!!scatter          c_w.l(__scatter.o)
    0x080002d4   0x080002d4   0x0000001a   Code   RO         6157    !!handler_copy      c_w.l(__scatter_copy.o)
    0x080002ee   0x080002ee   0x00000002   PAD
    0x080002f0   0x080002f0   0x0000001c   Code   RO         6159    !!handler_zi        c_w.l(__scatter_zi.o)
    0x0800030c   0x0800030c   0x00000002   Code   RO         6094    .ARM.Collect$$libinit$$00000000  c_w.l(libinit.o)
    0x0800030e   0x0800030e   0x00000004   Code   RO         5980    .ARM.Collect$$libinit$$00000001  c_w.l(libinit2.o)
    0x08000312   0x08000312   0x00000000   Code   RO         5983    .ARM.Collect$$libinit$$00000004  c_w.l(libinit2.o)
    0x08000312   0x08000312   0x00000008   Code   RO         5984    .ARM.Collect$$libinit$$00000005  c_w.l(libinit2.o)
    0x0800031a   0x0800031a   0x00000000   Code   RO         5986    .ARM.Collect$$libinit$$0000000A  c_w.l(libinit2.o)
    0x0800031a   0x0800031a   0x00000000   Code   RO         5988    .ARM.Collect$$libinit$$0000000C  c_w.l(libinit2.o)
    0x0800031a   0x0800031a   0x00000000   Code   RO         5990    .ARM.Collect$$libinit$$0000000E  c_w.l(libinit2.o)
    0x0800031a   0x0800031a   0x00000000   Code   RO         5993    .ARM.Collect$$libinit$$00000011  c_w.l(libinit2.o)
    0x0800031a   0x0800031a   0x00000000   Code   RO         5995    .ARM.Collect$$libinit$$00000013  c_w.l(libinit2.o)
    0x0800031a   0x0800031a   0x00000000   Code   RO         5997    .ARM.Collect$$libinit$$00000015  c_w.l(libinit2.o)
    0x0800031a   0x0800031a   0x00000000   Code   RO         5999    .ARM.Collect$$libinit$$00000017  c_w.l(libinit2.o)
    0x0800031a   0x0800031a   0x00000000   Code   RO         6001    .ARM.Collect$$libinit$$00000019  c_w.l(libinit2.o)
    0x0800031a   0x0800031a   0x00000000   Code   RO         6003    .ARM.Collect$$libinit$$0000001B  c_w.l(libinit2.o)
    0x0800031a   0x0800031a   0x00000000   Code   RO         6005    .ARM.Collect$$libinit$$0000001D  c_w.l(libinit2.o)
    0x0800031a   0x0800031a   0x00000000   Code   RO         6007    .ARM.Collect$$libinit$$0000001F  c_w.l(libinit2.o)
    0x0800031a   0x0800031a   0x00000000   Code   RO         6009    .ARM.Collect$$libinit$$00000021  c_w.l(libinit2.o)
    0x0800031a   0x0800031a   0x00000000   Code   RO         6011    .ARM.Collect$$libinit$$00000023  c_w.l(libinit2.o)
    0x0800031a   0x0800031a   0x00000000   Code   RO         6013    .ARM.Collect$$libinit$$00000025  c_w.l(libinit2.o)
    0x0800031a   0x0800031a   0x00000000   Code   RO         6017    .ARM.Collect$$libinit$$0000002C  c_w.l(libinit2.o)
    0x0800031a   0x0800031a   0x00000000   Code   RO         6019    .ARM.Collect$$libinit$$0000002E  c_w.l(libinit2.o)
    0x0800031a   0x0800031a   0x00000000   Code   RO         6021    .ARM.Collect$$libinit$$00000030  c_w.l(libinit2.o)
    0x0800031a   0x0800031a   0x00000000   Code   RO         6023    .ARM.Collect$$libinit$$00000032  c_w.l(libinit2.o)
    0x0800031a   0x0800031a   0x00000002   Code   RO         6024    .ARM.Collect$$libinit$$00000033  c_w.l(libinit2.o)
    0x0800031c   0x0800031c   0x00000002   Code   RO         6152    .ARM.Collect$$libshutdown$$00000000  c_w.l(libshutdown.o)
    0x0800031e   0x0800031e   0x00000000   Code   RO         6110    .ARM.Collect$$libshutdown$$00000002  c_w.l(libshutdown2.o)
    0x0800031e   0x0800031e   0x00000000   Code   RO         6112    .ARM.Collect$$libshutdown$$00000004  c_w.l(libshutdown2.o)
    0x0800031e   0x0800031e   0x00000000   Code   RO         6115    .ARM.Collect$$libshutdown$$00000007  c_w.l(libshutdown2.o)
    0x0800031e   0x0800031e   0x00000000   Code   RO         6118    .ARM.Collect$$libshutdown$$0000000A  c_w.l(libshutdown2.o)
    0x0800031e   0x0800031e   0x00000000   Code   RO         6120    .ARM.Collect$$libshutdown$$0000000C  c_w.l(libshutdown2.o)
    0x0800031e   0x0800031e   0x00000000   Code   RO         6123    .ARM.Collect$$libshutdown$$0000000F  c_w.l(libshutdown2.o)
    0x0800031e   0x0800031e   0x00000002   Code   RO         6124    .ARM.Collect$$libshutdown$$00000010  c_w.l(libshutdown2.o)
    0x08000320   0x08000320   0x00000000   Code   RO         5940    .ARM.Collect$$rtentry$$00000000  c_w.l(__rtentry.o)
    0x08000320   0x08000320   0x00000000   Code   RO         6031    .ARM.Collect$$rtentry$$00000002  c_w.l(__rtentry2.o)
    0x08000320   0x08000320   0x00000006   Code   RO         6043    .ARM.Collect$$rtentry$$00000004  c_w.l(__rtentry4.o)
    0x08000326   0x08000326   0x00000000   Code   RO         6033    .ARM.Collect$$rtentry$$00000009  c_w.l(__rtentry2.o)
    0x08000326   0x08000326   0x00000004   Code   RO         6034    .ARM.Collect$$rtentry$$0000000A  c_w.l(__rtentry2.o)
    0x0800032a   0x0800032a   0x00000000   Code   RO         6036    .ARM.Collect$$rtentry$$0000000C  c_w.l(__rtentry2.o)
    0x0800032a   0x0800032a   0x00000008   Code   RO         6037    .ARM.Collect$$rtentry$$0000000D  c_w.l(__rtentry2.o)
    0x08000332   0x08000332   0x00000002   Code   RO         6097    .ARM.Collect$$rtexit$$00000000  c_w.l(rtexit.o)
    0x08000334   0x08000334   0x00000000   Code   RO         6128    .ARM.Collect$$rtexit$$00000002  c_w.l(rtexit2.o)
    0x08000334   0x08000334   0x00000004   Code   RO         6129    .ARM.Collect$$rtexit$$00000003  c_w.l(rtexit2.o)
    0x08000338   0x08000338   0x00000006   Code   RO         6130    .ARM.Collect$$rtexit$$00000004  c_w.l(rtexit2.o)
    0x0800033e   0x0800033e   0x00000002   PAD
    0x08000340   0x08000340   0x000000be   Code   RO         5789    .emb_text           port.o
    0x080003fe   0x080003fe   0x00000002   PAD
    0x08000400   0x08000400   0x00000000   Code   RO         6049    .emb_text           c_w.l(maybetermalloc1.o)
    0x08000400   0x08000400   0x00000040   Code   RO            4    .text               startup_stm32h743xx.o
    0x08000440   0x08000440   0x0000005e   Code   RO         5870    .text               c_w.l(h1_alloc.o)
    0x0800049e   0x0800049e   0x000000ee   Code   RO         5924    .text               c_w.l(lludivv7m.o)
    0x0800058c   0x0800058c   0x0000008a   Code   RO         5926    .text               c_w.l(rt_memcpy_v6.o)
    0x08000616   0x08000616   0x00000064   Code   RO         5928    .text               c_w.l(rt_memcpy_w.o)
    0x0800067a   0x0800067a   0x0000004e   Code   RO         5932    .text               c_w.l(rt_memclr_w.o)
    0x080006c8   0x080006c8   0x00000006   Code   RO         5934    .text               c_w.l(heapauxi.o)
    0x080006ce   0x080006ce   0x00000002   PAD
    0x080006d0   0x080006d0   0x00000008   Code   RO         5948    .text               c_w.l(rt_heap_descriptor_intlibspace.o)
    0x080006d8   0x080006d8   0x00000004   Code   RO         5950    .text               c_w.l(hguard.o)
    0x080006dc   0x080006dc   0x0000008a   Code   RO         5952    .text               c_w.l(init_alloc.o)
    0x08000766   0x08000766   0x0000000e   Code   RO         5958    .text               c_w.l(h1_init.o)
    0x08000774   0x08000774   0x0000004e   Code   RO         5960    .text               c_w.l(h1_free.o)
    0x080007c2   0x080007c2   0x00000002   PAD
    0x080007c4   0x080007c4   0x00000008   Code   RO         6027    .text               c_w.l(libspace.o)
    0x080007cc   0x080007cc   0x00000034   Code   RO         6051    .text               c_w.l(h1_extend.o)
    0x08000800   0x08000800   0x0000000e   Code   RO         6055    .text               c_w.l(defsig_rtmem_outer.o)
    0x0800080e   0x0800080e   0x00000002   Code   RO         6066    .text               c_w.l(use_no_semi.o)
    0x08000810   0x08000810   0x00000000   Code   RO         6068    .text               c_w.l(indicate_semi.o)
    0x08000810   0x08000810   0x0000004a   Code   RO         6069    .text               c_w.l(sys_stackheap_outer.o)
    0x0800085a   0x0800085a   0x00000012   Code   RO         6075    .text               c_w.l(exit.o)
    0x0800086c   0x0800086c   0x0000000a   Code   RO         6077    .text               c_w.l(defsig_exit.o)
    0x08000876   0x08000876   0x00000002   PAD
    0x08000878   0x08000878   0x00000050   Code   RO         6083    .text               c_w.l(defsig_rtmem_inner.o)
    0x080008c8   0x080008c8   0x0000000c   Code   RO         6095    .text               c_w.l(sys_exit.o)
    0x080008d4   0x080008d4   0x00000032   Code   RO         6105    .text               c_w.l(defsig_general.o)
    0x08000906   0x08000906   0x0000000e   Code   RO         6125    .text               c_w.l(sys_wrch.o)
    0x08000914   0x08000914   0x00000002   Code   RO          405    i.BusFault_Handler  stm32h7xx_it.o
    0x08000916   0x08000916   0x00000002   PAD
    0x08000918   0x08000918   0x0000006e   Code   RO          538    i.CRC16_MODBUS      data_protocol.o
    0x08000986   0x08000986   0x00000002   Code   RO          406    i.DebugMon_Handler  stm32h7xx_it.o
    0x08000988   0x08000988   0x00000004   Code   RO           13    i.Error_Handler     main.o
    0x0800098c   0x0800098c   0x00000360   Code   RO         1394    i.HAL_DMA_Abort     stm32h7xx_hal_dma.o
    0x08000cec   0x08000cec   0x00000284   Code   RO         1395    i.HAL_DMA_Abort_IT  stm32h7xx_hal_dma.o
    0x08000f70   0x08000f70   0x0000022c   Code   RO         1242    i.HAL_GPIO_Init     stm32h7xx_hal_gpio.o
    0x0800119c   0x0800119c   0x0000000a   Code   RO         1246    i.HAL_GPIO_WritePin  stm32h7xx_hal_gpio.o
    0x080011a6   0x080011a6   0x00000002   PAD
    0x080011a8   0x080011a8   0x0000000c   Code   RO         2114    i.HAL_GetREVID      stm32h7xx_hal.o
    0x080011b4   0x080011b4   0x0000000c   Code   RO         2115    i.HAL_GetTick       stm32h7xx_hal.o
    0x080011c0   0x080011c0   0x00000010   Code   RO         2121    i.HAL_IncTick       stm32h7xx_hal.o
    0x080011d0   0x080011d0   0x0000005c   Code   RO         2122    i.HAL_Init          stm32h7xx_hal.o
    0x0800122c   0x0800122c   0x0000008c   Code   RO          499    i.HAL_InitTick      stm32h7xx_hal_timebase_tim.o
    0x080012b8   0x080012b8   0x00000024   Code   RO          475    i.HAL_MspInit       stm32h7xx_hal_msp.o
    0x080012dc   0x080012dc   0x0000001a   Code   RO          612    i.HAL_NVIC_EnableIRQ  stm32h7xx_hal_cortex.o
    0x080012f6   0x080012f6   0x00000002   PAD
    0x080012f8   0x080012f8   0x00000040   Code   RO          618    i.HAL_NVIC_SetPriority  stm32h7xx_hal_cortex.o
    0x08001338   0x08001338   0x00000024   Code   RO          619    i.HAL_NVIC_SetPriorityGrouping  stm32h7xx_hal_cortex.o
    0x0800135c   0x0800135c   0x00000054   Code   RO         1843    i.HAL_PWREx_ConfigSupply  stm32h7xx_hal_pwr_ex.o
    0x080013b0   0x080013b0   0x00000024   Code   RO          863    i.HAL_RCCEx_GetD3PCLK1Freq  stm32h7xx_hal_rcc_ex.o
    0x080013d4   0x080013d4   0x00000144   Code   RO          865    i.HAL_RCCEx_GetPLL2ClockFreq  stm32h7xx_hal_rcc_ex.o
    0x08001518   0x08001518   0x00000144   Code   RO          866    i.HAL_RCCEx_GetPLL3ClockFreq  stm32h7xx_hal_rcc_ex.o
    0x0800165c   0x0800165c   0x000008d2   Code   RO          872    i.HAL_RCCEx_PeriphCLKConfig  stm32h7xx_hal_rcc_ex.o
    0x08001f2e   0x08001f2e   0x00000002   PAD
    0x08001f30   0x08001f30   0x0000025c   Code   RO          748    i.HAL_RCC_ClockConfig  stm32h7xx_hal_rcc.o
    0x0800218c   0x0800218c   0x0000005c   Code   RO          752    i.HAL_RCC_GetClockConfig  stm32h7xx_hal_rcc.o
    0x080021e8   0x080021e8   0x00000044   Code   RO          753    i.HAL_RCC_GetHCLKFreq  stm32h7xx_hal_rcc.o
    0x0800222c   0x0800222c   0x00000024   Code   RO          755    i.HAL_RCC_GetPCLK1Freq  stm32h7xx_hal_rcc.o
    0x08002250   0x08002250   0x00000024   Code   RO          756    i.HAL_RCC_GetPCLK2Freq  stm32h7xx_hal_rcc.o
    0x08002274   0x08002274   0x00000138   Code   RO          757    i.HAL_RCC_GetSysClockFreq  stm32h7xx_hal_rcc.o
    0x080023ac   0x080023ac   0x00000530   Code   RO          760    i.HAL_RCC_OscConfig  stm32h7xx_hal_rcc.o
    0x080028dc   0x080028dc   0x00000002   Code   RO         3712    i.HAL_TIMEx_Break2Callback  stm32h7xx_hal_tim_ex.o
    0x080028de   0x080028de   0x00000002   Code   RO         3713    i.HAL_TIMEx_BreakCallback  stm32h7xx_hal_tim_ex.o
    0x080028e0   0x080028e0   0x00000002   Code   RO         3714    i.HAL_TIMEx_CommutCallback  stm32h7xx_hal_tim_ex.o
    0x080028e2   0x080028e2   0x00000062   Code   RO         2998    i.HAL_TIM_Base_Init  stm32h7xx_hal_tim.o
    0x08002944   0x08002944   0x00000002   Code   RO         3000    i.HAL_TIM_Base_MspInit  stm32h7xx_hal_tim.o
    0x08002946   0x08002946   0x00000002   PAD
    0x08002948   0x08002948   0x0000008c   Code   RO         3003    i.HAL_TIM_Base_Start_IT  stm32h7xx_hal_tim.o
    0x080029d4   0x080029d4   0x00000002   Code   RO         3032    i.HAL_TIM_IC_CaptureCallback  stm32h7xx_hal_tim.o
    0x080029d6   0x080029d6   0x00000182   Code   RO         3046    i.HAL_TIM_IRQHandler  stm32h7xx_hal_tim.o
    0x08002b58   0x08002b58   0x00000002   Code   RO         3049    i.HAL_TIM_OC_DelayElapsedCallback  stm32h7xx_hal_tim.o
    0x08002b5a   0x08002b5a   0x00000002   Code   RO         3076    i.HAL_TIM_PWM_PulseFinishedCallback  stm32h7xx_hal_tim.o
    0x08002b5c   0x08002b5c   0x00000014   Code   RO           14    i.HAL_TIM_PeriodElapsedCallback  main.o
    0x08002b70   0x08002b70   0x00000002   Code   RO         3089    i.HAL_TIM_TriggerCallback  stm32h7xx_hal_tim.o
    0x08002b72   0x08002b72   0x00000040   Code   RO         4423    i.HAL_UARTEx_DisableFifoMode  stm32h7xx_hal_uart_ex.o
    0x08002bb2   0x08002bb2   0x00000002   Code   RO         4012    i.HAL_UARTEx_RxEventCallback  stm32h7xx_hal_uart.o
    0x08002bb4   0x08002bb4   0x00000002   Code   RO         4430    i.HAL_UARTEx_RxFifoFullCallback  stm32h7xx_hal_uart_ex.o
    0x08002bb6   0x08002bb6   0x0000004c   Code   RO         4431    i.HAL_UARTEx_SetRxFifoThreshold  stm32h7xx_hal_uart_ex.o
    0x08002c02   0x08002c02   0x0000004c   Code   RO         4432    i.HAL_UARTEx_SetTxFifoThreshold  stm32h7xx_hal_uart_ex.o
    0x08002c4e   0x08002c4e   0x00000002   Code   RO         4434    i.HAL_UARTEx_TxFifoEmptyCallback  stm32h7xx_hal_uart_ex.o
    0x08002c50   0x08002c50   0x00000002   Code   RO         4435    i.HAL_UARTEx_WakeupCallback  stm32h7xx_hal_uart_ex.o
    0x08002c52   0x08002c52   0x00000002   Code   RO         4028    i.HAL_UART_ErrorCallback  stm32h7xx_hal_uart.o
    0x08002c54   0x08002c54   0x00000360   Code   RO         4031    i.HAL_UART_IRQHandler  stm32h7xx_hal_uart.o
    0x08002fb4   0x08002fb4   0x0000006a   Code   RO         4032    i.HAL_UART_Init     stm32h7xx_hal_uart.o
    0x0800301e   0x0800301e   0x00000002   PAD
    0x08003020   0x08003020   0x00000098   Code   RO          364    i.HAL_UART_MspInit  usart.o
    0x080030b8   0x080030b8   0x000000ac   Code   RO         4043    i.HAL_UART_Transmit_IT  stm32h7xx_hal_uart.o
    0x08003164   0x08003164   0x00000002   Code   RO         4044    i.HAL_UART_TxCpltCallback  stm32h7xx_hal_uart.o
    0x08003166   0x08003166   0x00000002   Code   RO          407    i.HardFault_Handler  stm32h7xx_it.o
    0x08003168   0x08003168   0x0000002a   Code   RO          539    i.InvertUint16      data_protocol.o
    0x08003192   0x08003192   0x00000002   PAD
    0x08003194   0x08003194   0x0000002a   Code   RO          540    i.InvertUint8       data_protocol.o
    0x080031be   0x080031be   0x00000002   PAD
    0x080031c0   0x080031c0   0x0000011c   Code   RO          247    i.MX_FREERTOS_Init  freertos.o
    0x080032dc   0x080032dc   0x000000b8   Code   RO          219    i.MX_GPIO_Init      gpio.o
    0x08003394   0x08003394   0x00000068   Code   RO          365    i.MX_USART1_UART_Init  usart.o
    0x080033fc   0x080033fc   0x00000002   Code   RO          408    i.MemManage_Handler  stm32h7xx_it.o
    0x080033fe   0x080033fe   0x0000002c   Code   RO          541    i.MyProtocolPacket  data_protocol.o
    0x0800342a   0x0800342a   0x00000012   Code   RO          542    i.MyProtocolwriteCoil  data_protocol.o
    0x0800343c   0x0800343c   0x00000002   Code   RO          409    i.NMI_Handler       stm32h7xx_it.o
    0x0800343e   0x0800343e   0x00000002   PAD
    0x08003440   0x08003440   0x00000120   Code   RO          875    i.RCCEx_PLL2_Config  stm32h7xx_hal_rcc_ex.o
    0x08003560   0x08003560   0x00000120   Code   RO          876    i.RCCEx_PLL3_Config  stm32h7xx_hal_rcc_ex.o
    0x08003680   0x08003680   0x00000008   Code   RO          248    i.StartMainTask     freertos.o
    0x08003688   0x08003688   0x0000000c   Code   RO          249    i.StartTask02       freertos.o
    0x08003694   0x08003694   0x00000008   Code   RO          250    i.StartTask03       freertos.o
    0x0800369c   0x0800369c   0x00000008   Code   RO          251    i.StartTask04       freertos.o
    0x080036a4   0x080036a4   0x00000008   Code   RO          252    i.StartTask05       freertos.o
    0x080036ac   0x080036ac   0x00000008   Code   RO          253    i.StartTask06       freertos.o
    0x080036b4   0x080036b4   0x00000008   Code   RO          254    i.StartTask07       freertos.o
    0x080036bc   0x080036bc   0x00000008   Code   RO          255    i.StartTask08       freertos.o
    0x080036c4   0x080036c4   0x00000008   Code   RO          256    i.StartTask09       freertos.o
    0x080036cc   0x080036cc   0x00000008   Code   RO          257    i.StartTask10       freertos.o
    0x080036d4   0x080036d4   0x00000008   Code   RO          258    i.StartTask11       freertos.o
    0x080036dc   0x080036dc   0x00000008   Code   RO          259    i.StartTask12       freertos.o
    0x080036e4   0x080036e4   0x0000002c   Code   RO         5790    i.SysTick_Handler   port.o
    0x08003710   0x08003710   0x000000a8   Code   RO           15    i.SystemClock_Config  main.o
    0x080037b8   0x080037b8   0x000000dc   Code   RO         4536    i.SystemInit        system_stm32h7xx.o
    0x08003894   0x08003894   0x0000000c   Code   RO          410    i.TIM7_IRQHandler   stm32h7xx_it.o
    0x080038a0   0x080038a0   0x000000c4   Code   RO         3091    i.TIM_Base_SetConfig  stm32h7xx_hal_tim.o
    0x08003964   0x08003964   0x00000044   Code   RO         4436    i.UARTEx_SetNbDataToProcess  stm32h7xx_hal_uart_ex.o
    0x080039a8   0x080039a8   0x000000c8   Code   RO         4046    i.UART_AdvFeatureConfig  stm32h7xx_hal_uart.o
    0x08003a70   0x08003a70   0x00000060   Code   RO         4047    i.UART_CheckIdleState  stm32h7xx_hal_uart.o
    0x08003ad0   0x08003ad0   0x00000014   Code   RO         4048    i.UART_DMAAbortOnError  stm32h7xx_hal_uart.o
    0x08003ae4   0x08003ae4   0x00000054   Code   RO         4058    i.UART_EndRxTransfer  stm32h7xx_hal_uart.o
    0x08003b38   0x08003b38   0x000003ac   Code   RO         4064    i.UART_SetConfig    stm32h7xx_hal_uart.o
    0x08003ee4   0x08003ee4   0x00000052   Code   RO         4067    i.UART_TxISR_16BIT  stm32h7xx_hal_uart.o
    0x08003f36   0x08003f36   0x00000002   PAD
    0x08003f38   0x08003f38   0x0000006a   Code   RO         4068    i.UART_TxISR_16BIT_FIFOEN  stm32h7xx_hal_uart.o
    0x08003fa2   0x08003fa2   0x0000004e   Code   RO         4069    i.UART_TxISR_8BIT   stm32h7xx_hal_uart.o
    0x08003ff0   0x08003ff0   0x00000066   Code   RO         4070    i.UART_TxISR_8BIT_FIFOEN  stm32h7xx_hal_uart.o
    0x08004056   0x08004056   0x000000ca   Code   RO         4071    i.UART_WaitOnFlagUntilTimeout  stm32h7xx_hal_uart.o
    0x08004120   0x08004120   0x0000000c   Code   RO          411    i.USART1_IRQHandler  stm32h7xx_it.o
    0x0800412c   0x0800412c   0x00000002   Code   RO          412    i.UsageFault_Handler  stm32h7xx_it.o
    0x0800412e   0x0800412e   0x00000022   Code   RO          625    i.__NVIC_SetPriority  stm32h7xx_hal_cortex.o
    0x08004150   0x08004150   0x0000009c   Code   RO           16    i.main              main.o
    0x080041ec   0x080041ec   0x0000000e   Code   RO         5355    i.makeFreeRtosPriority  cmsis_os.o
    0x080041fa   0x080041fa   0x0000000e   Code   RO         5357    i.osDelay           cmsis_os.o
    0x08004208   0x08004208   0x0000000a   Code   RO         5360    i.osKernelStart     cmsis_os.o
    0x08004212   0x08004212   0x00000054   Code   RO         5394    i.osThreadCreate    cmsis_os.o
    0x08004266   0x08004266   0x00000002   PAD
    0x08004268   0x08004268   0x00000070   Code   RO         5037    i.prvAddCurrentTaskToDelayedList  tasks.o
    0x080042d8   0x080042d8   0x000000d0   Code   RO         5038    i.prvAddNewTaskToReadyList  tasks.o
    0x080043a8   0x080043a8   0x00000034   Code   RO         5039    i.prvDeleteTCB      tasks.o
    0x080043dc   0x080043dc   0x00000050   Code   RO         5722    i.prvHeapInit       heap_4.o
    0x0800442c   0x0800442c   0x00000060   Code   RO         5040    i.prvIdleTask       tasks.o
    0x0800448c   0x0800448c   0x0000009a   Code   RO         5041    i.prvInitialiseNewTask  tasks.o
    0x08004526   0x08004526   0x00000002   PAD
    0x08004528   0x08004528   0x0000004c   Code   RO         5723    i.prvInsertBlockIntoFreeList  heap_4.o
    0x08004574   0x08004574   0x00000020   Code   RO         5042    i.prvResetNextTaskUnblockTime  tasks.o
    0x08004594   0x08004594   0x00000028   Code   RO         5791    i.prvTaskExitError  port.o
    0x080045bc   0x080045bc   0x000000dc   Code   RO         5724    i.pvPortMalloc      heap_4.o
    0x08004698   0x08004698   0x00000030   Code   RO         5792    i.pxPortInitialiseStack  port.o
    0x080046c8   0x080046c8   0x0000001e   Code   RO          543    i.sendProtocolFunc  data_protocol.o
    0x080046e6   0x080046e6   0x0000001a   Code   RO          544    i.test              data_protocol.o
    0x08004700   0x08004700   0x00000038   Code   RO          545    i.usartSend         data_protocol.o
    0x08004738   0x08004738   0x00000026   Code   RO         4673    i.uxListRemove      list.o
    0x0800475e   0x0800475e   0x00000002   PAD
    0x08004760   0x08004760   0x00000018   Code   RO          260    i.vApplicationGetIdleTaskMemory  freertos.o
    0x08004778   0x08004778   0x00000016   Code   RO         4674    i.vListInitialise   list.o
    0x0800478e   0x0800478e   0x00000006   Code   RO         4675    i.vListInitialiseItem  list.o
    0x08004794   0x08004794   0x00000030   Code   RO         4676    i.vListInsert       list.o
    0x080047c4   0x080047c4   0x00000018   Code   RO         4677    i.vListInsertEnd    list.o
    0x080047dc   0x080047dc   0x00000040   Code   RO         5794    i.vPortEnterCritical  port.o
    0x0800481c   0x0800481c   0x00000028   Code   RO         5795    i.vPortExitCritical  port.o
    0x08004844   0x08004844   0x00000064   Code   RO         5725    i.vPortFree         heap_4.o
    0x080048a8   0x080048a8   0x00000024   Code   RO         5796    i.vPortSetupTimerInterrupt  port.o
    0x080048cc   0x080048cc   0x0000004c   Code   RO         5051    i.vTaskDelay        tasks.o
    0x08004918   0x08004918   0x0000006c   Code   RO         5064    i.vTaskStartScheduler  tasks.o
    0x08004984   0x08004984   0x00000010   Code   RO         5066    i.vTaskSuspendAll   tasks.o
    0x08004994   0x08004994   0x0000005c   Code   RO         5067    i.vTaskSwitchContext  tasks.o
    0x080049f0   0x080049f0   0x000000f4   Code   RO         5798    i.xPortStartScheduler  port.o
    0x08004ae4   0x08004ae4   0x0000005a   Code   RO         5070    i.xTaskCreate       tasks.o
    0x08004b3e   0x08004b3e   0x00000056   Code   RO         5071    i.xTaskCreateStatic  tasks.o
    0x08004b94   0x08004b94   0x000000cc   Code   RO         5078    i.xTaskIncrementTick  tasks.o
    0x08004c60   0x08004c60   0x000000c4   Code   RO         5084    i.xTaskResumeAll    tasks.o
    0x08004d24   0x08004d24   0x0000000a   Code   RO         6064    x$fpl$fpinit        fz_wv.l(fpinit.o)
    0x08004d2e   0x08004d2e   0x00000002   PAD
    0x08004d30   0x08004d30   0x00000150   Data   RO          262    .constdata          freertos.o
    0x08004e80   0x08004e80   0x00000018   Data   RO         4072    .constdata          stm32h7xx_hal_uart.o
    0x08004e98   0x08004e98   0x00000010   Data   RO         4437    .constdata          stm32h7xx_hal_uart_ex.o
    0x08004ea8   0x08004ea8   0x00000010   Data   RO         4537    .constdata          system_stm32h7xx.o
    0x08004eb8   0x08004eb8   0x0000008d   Data   RO          263    .conststring        freertos.o
    0x08004f45   0x08004f45   0x00000003   PAD
    0x08004f48   0x08004f48   0x00000020   Data   RO         6153    Region$$Table       anon$$obj.o


    Execution Region RW_IRAM1 (Exec base: 0x20000000, Load base: 0x08004f68, Size: 0x00000000, Max: 0x00020000, ABSOLUTE)

    **** No section assigned to this execution region ****


    Execution Region RW_IRAM2 (Exec base: 0x24000000, Load base: 0x08004f68, Size: 0x00004730, Max: 0x00080000, ABSOLUTE)

    Exec Addr    Load Addr    Size         Type   Attr      Idx    E Section Name        Object

    0x24000000   0x08004f68   0x00000030   Data   RW          264    .data               freertos.o
    0x24000030   0x08004f98   0x0000000c   Data   RW         2144    .data               stm32h7xx_hal.o
    0x2400003c   0x08004fa4   0x00000008   Data   RW         4538    .data               system_stm32h7xx.o
    0x24000044   0x08004fac   0x0000003c   Data   RW         5087    .data               tasks.o
    0x24000080   0x08004fe8   0x00000020   Data   RW         5731    .data               heap_4.o
    0x240000a0   0x08005008   0x0000000c   Data   RW         5799    .data               port.o
    0x240000ac        -       0x00000254   Zero   RW          261    .bss                freertos.o
    0x24000300        -       0x00000090   Zero   RW          366    .bss                usart.o
    0x24000390        -       0x0000004c   Zero   RW          502    .bss                stm32h7xx_hal_timebase_tim.o
    0x240003dc        -       0x000000f0   Zero   RW         5086    .bss                tasks.o
    0x240004cc        -       0x00003c00   Zero   RW         5730    .bss                heap_4.o
    0x240040cc        -       0x00000060   Zero   RW         6028    .bss                c_w.l(libspace.o)
    0x2400412c   0x08005014   0x00000004   PAD
    0x24004130        -       0x00000200   Zero   RW            2    HEAP                startup_stm32h743xx.o
    0x24004330        -       0x00000400   Zero   RW            1    STACK               startup_stm32h743xx.o


==============================================================================

Image component sizes


      Code (inc. data)   RO Data    RW Data    ZI Data      Debug   Object Name

       122          0          0          0          0      23669   cmsis_os.o
       368          6          0          0          0       7015   data_protocol.o
         0          0          0          0          0      16968   event_groups.o
       408         20        477         48        596       9323   freertos.o
       184         20          0          0          0       1151   gpio.o
       476         24          0         32      15360       7751   heap_4.o
       138          0          0          0          0       3858   list.o
       348         24          0          0          0    1350803   main.o
       706         74          0         12          0      11460   port.o
        64         26        664          0       1536        876   startup_stm32h743xx.o
       132         32          0         12          0      22313   stm32h7xx_hal.o
       160         12          0          0          0      38970   stm32h7xx_hal_cortex.o
      1508         70          0          0          0       4011   stm32h7xx_hal_dma.o
       566         50          0          0          0       2412   stm32h7xx_hal_gpio.o
        36          4          0          0          0       1010   stm32h7xx_hal_msp.o
        84          6          0          0          0        821   stm32h7xx_hal_pwr_ex.o
      2476        116          0          0          0       8109   stm32h7xx_hal_rcc.o
      3518        112          0          0          0       8117   stm32h7xx_hal_rcc_ex.o
       830         68          0          0          0       7832   stm32h7xx_hal_tim.o
         6          0          0          0          0       2408   stm32h7xx_hal_tim_ex.o
       140         20          0          0         76       1699   stm32h7xx_hal_timebase_tim.o
      3058        154         24          0          0      34019   stm32h7xx_hal_uart.o
       290          6         16          0          0       5766   stm32h7xx_hal_uart_ex.o
        36         12          0          0          0       3963   stm32h7xx_it.o
         0          0          0          0          0        392   stream_buffer.o
       220         40         16          8          0       1590   system_stm32h7xx.o
      1522        110          0         60        240      20186   tasks.o
       256         24          0          0        144       2062   usart.o

    ----------------------------------------------------------------------
     17680       1030       1232        172      17952    1598554   Object Totals
         0          0         32          0          0          0   (incl. Generated)
        28          0          3          0          0          0   (incl. Padding)

    ----------------------------------------------------------------------

      Code (inc. data)   RO Data    RW Data    ZI Data      Debug   Library Member Name

         8          0          0          0          0         68   __main.o
         0          0          0          0          0          0   __rtentry.o
        12          0          0          0          0          0   __rtentry2.o
         6          0          0          0          0          0   __rtentry4.o
        52          8          0          0          0          0   __scatter.o
        26          0          0          0          0          0   __scatter_copy.o
        28          0          0          0          0          0   __scatter_zi.o
        10          0          0          0          0         68   defsig_exit.o
        50          0          0          0          0         88   defsig_general.o
        80         58          0          0          0         76   defsig_rtmem_inner.o
        14          0          0          0          0         80   defsig_rtmem_outer.o
        18          0          0          0          0         80   exit.o
        94          0          0          0          0         80   h1_alloc.o
        52          0          0          0          0         68   h1_extend.o
        78          0          0          0          0         80   h1_free.o
        14          0          0          0          0         84   h1_init.o
         6          0          0          0          0        152   heapauxi.o
         4          0          0          0          0        136   hguard.o
         0          0          0          0          0          0   indicate_semi.o
       138          0          0          0          0        168   init_alloc.o
         2          0          0          0          0          0   libinit.o
        14          0          0          0          0          0   libinit2.o
         2          0          0          0          0          0   libshutdown.o
         2          0          0          0          0          0   libshutdown2.o
         8          4          0          0         96         68   libspace.o
       238          0          0          0          0        100   lludivv7m.o
         0          0          0          0          0          0   maybetermalloc1.o
         8          4          0          0          0         68   rt_heap_descriptor_intlibspace.o
        78          0          0          0          0         80   rt_memclr_w.o
       138          0          0          0          0         68   rt_memcpy_v6.o
       100          0          0          0          0         80   rt_memcpy_w.o
         2          0          0          0          0          0   rtexit.o
        10          0          0          0          0          0   rtexit2.o
        12          4          0          0          0         68   sys_exit.o
        74          0          0          0          0         80   sys_stackheap_outer.o
        14          0          0          0          0         76   sys_wrch.o
         2          0          0          0          0         68   use_no_semi.o
        10          0          0          0          0        116   fpinit.o

    ----------------------------------------------------------------------
      1416         78          0          0        100       2100   Library Totals
        12          0          0          0          4          0   (incl. Padding)

    ----------------------------------------------------------------------

      Code (inc. data)   RO Data    RW Data    ZI Data      Debug   Library Name

      1394         78          0          0         96       1984   c_w.l
        10          0          0          0          0        116   fz_wv.l

    ----------------------------------------------------------------------
      1416         78          0          0        100       2100   Library Totals

    ----------------------------------------------------------------------

==============================================================================


      Code (inc. data)   RO Data    RW Data    ZI Data      Debug   

     19096       1108       1232        172      18052    1586914   Grand Totals
     19096       1108       1232        172      18052    1586914   ELF Image Totals
     19096       1108       1232        172          0          0   ROM Totals

==============================================================================

    Total RO  Size (Code + RO Data)                20328 (  19.85kB)
    Total RW  Size (RW Data + ZI Data)             18224 (  17.80kB)
    Total ROM Size (Code + RO Data + RW Data)      20500 (  20.02kB)

==============================================================================

