<html>
<body>
<pre>
<h1>µVision Build Log</h1>
<h2>Tool Versions:</h2>
IDE-Version: ¦ÌVision V5.27.0.0
Copyright (C) 2018 ARM Ltd and ARM Germany GmbH. All rights reserved.
License Information: lx lx, lx, LIC=BUURY-IGADB-9U74U-SAQBB-U4XUK-1TSBW
 
Tool Versions:
Toolchain:       MDK-ARM Plus  Version: 5.27.0.0
Toolchain Path:  C:\Keil_v5\ARM\ARMCC\Bin
C Compiler:      Armcc.exe V5.06 update 6 (build 750)
Assembler:       Armasm.exe V5.06 update 6 (build 750)
Linker/Locator:  ArmLink.exe V5.06 update 6 (build 750)
Library Manager: ArmAr.exe V5.06 update 6 (build 750)
Hex Converter:   FromElf.exe V5.06 update 6 (build 750)
CPU DLL:         SARMCM3.DLL V5.27.0.0
Dialog DLL:      DCM.DLL V1.17.2.0
Target DLL:      STLink\ST-LINKIII-KEIL_SWO.dll V3.0.5.0
Dialog DLL:      TCM.DLL V1.36.1.0
 
<h2>Project:</h2>
E:\MyProjects\MyStm32\FreeRtos\Stm32H743_Project\Stm32H743_FreeRtos\MDK-ARM\Stm32H743_FreeRtos.uvprojx
Project File Date:  10/10/2022

<h2>Output:</h2>
*** Using Compiler 'V5.06 update 6 (build 750)', folder: 'C:\Keil_v5\ARM\ARMCC\Bin'
Rebuild target 'Stm32H743_FreeRtos'
assembling startup_stm32h743xx.s...
compiling croutine.c...
compiling event_groups.c...
compiling list.c...
compiling queue.c...
compiling stream_buffer.c...
compiling timers.c...
compiling tasks.c...
compiling heap_4.c...
compiling cmsis_os.c...
compiling port.c...
compiling stm32h7xx_hal_pwr.c...
compiling stm32h7xx_hal_hsem.c...
compiling stm32h7xx_hal_cortex.c...
compiling stm32h7xx_hal_msp.c...
compiling stm32h7xx_hal_mdma.c...
compiling stm32h7xx_hal_flash.c...
compiling stm32h7xx_hal_i2c_ex.c...
compiling stm32h7xx_hal_gpio.c...
compiling stm32h7xx_hal.c...
compiling stm32h7xx_hal_exti.c...
compiling gpio.c...
compiling system_stm32h7xx.c...
compiling usart.c...
compiling freertos.c...
../Core/Src/freertos.c(62): warning:  #1295-D: Deprecated declaration usartSend - give arg types
  extern void usartSend();
../Core/Src/freertos.c: 1 warning, 0 errors
compiling stm32h7xx_hal_uart_ex.c...
compiling data_protocol.c...
../Core/Inc/data_protocol.h(41): warning:  #1295-D: Deprecated declaration usartSend - give arg types
  void usartSend();
../Core/Inc/data_protocol.h(48): warning:  #1-D: last line of file ends without a newline
  //ifndef _SENSOR_PROTOCOL_H
..\Core\Src\data_protocol.c(123): warning:  #223-D: function "memcpy" declared implicitly
      memcpy(ProcolBuf, &Protocol, sizeof(MyProtocol));
..\Core\Src\data_protocol.c(124): warning:  #177-D: variable "length"  was declared but never referenced
      int length=sizeof(ProcolBuf) / sizeof(ProcolBuf[0]);
..\Core\Src\data_protocol.c(132): warning:  #223-D: function "malloc" declared implicitly
      MyProtocol *protocol=(MyProtocol*)malloc(sizeof(MyProtocol));
..\Core\Src\data_protocol.c(135): warning:  #1-D: last line of file ends without a newline
  }
..\Core\Src\data_protocol.c: 6 warnings, 0 errors
compiling stm32h7xx_it.c...
compiling stm32h7xx_hal_rcc.c...
compiling stm32h7xx_hal_timebase_tim.c...
compiling main.c...
compiling stm32h7xx_hal_tim_ex.c...
compiling stm32h7xx_hal_flash_ex.c...
compiling stm32h7xx_hal_pwr_ex.c...
compiling stm32h7xx_hal_uart.c...
compiling stm32h7xx_hal_dma_ex.c...
compiling stm32h7xx_hal_i2c.c...
compiling stm32h7xx_hal_tim.c...
compiling stm32h7xx_hal_rcc_ex.c...
compiling stm32h7xx_hal_dma.c...
linking...
Program Size: Code=19096 RO-data=1232 RW-data=172 ZI-data=18052  
FromELF: creating hex file...
"Stm32H743_FreeRtos\Stm32H743_FreeRtos.axf" - 0 Error(s), 7 Warning(s).

<h2>Software Packages used:</h2>

Package Vendor: ARM
                http://www.keil.com/pack/ARM.CMSIS.5.4.0.pack
                ARM.CMSIS.5.4.0
                CMSIS (Cortex Microcontroller Software Interface Standard)
   * Component: CORE Version: 5.1.2

Package Vendor: Keil
                http://www.keil.com/pack/Keil.STM32H7xx_DFP.3.0.0.pack
                Keil.STM32H7xx_DFP.3.0.0
                STMicroelectronics STM32H7 Series Device Support and Examples

<h2>Collection of Component include folders:</h2>
  .\RTE\_Stm32H743_FreeRtos
  C:\Keil_v5\ARM\PACK\ARM\CMSIS\5.4.0\CMSIS\Core\Include
  C:\Keil_v5\ARM\PACK\Keil\STM32H7xx_DFP\3.0.0\Drivers\CMSIS\Device\ST\STM32H7xx\Include

<h2>Collection of Component Files used:</h2>

   * Component: ARM::CMSIS:CORE:5.1.2
Build Time Elapsed:  00:00:13
</pre>
</body>
</html>
